Component: ARM Compiler 5.06 update 3 (build 300) Tool: armlink [4d35c9]

==============================================================================

Section Cross References

    main.o(.text) refers to lcd.o(.text) for LCD_Fill
    main.o(.text) refers to misc.o(.text) for NVIC_PriorityGroupConfig
    main.o(.text) refers to delay.o(.text) for delay_init
    main.o(.text) refers to usart.o(.text) for uart_init
    main.o(.text) refers to touch.o(.data) for tp_dev
    main.o(.text) refers to lcd.o(.data) for POINT_COLOR
    system_stm32f4xx.o(.text) refers to system_stm32f4xx.o(.data) for SystemCoreClock
    led.o(.text) refers to stm32f4xx_rcc.o(.text) for RCC_AHB1PeriphClockCmd
    led.o(.text) refers to stm32f4xx_gpio.o(.text) for GPIO_Init
    lcd.o(.text) refers to _printf_percent.o(.ARM.Collect$$_printf_percent$$00000000) for _printf_percent
    lcd.o(.text) refers to _printf_x.o(.ARM.Collect$$_printf_percent$$0000000C) for _printf_x
    lcd.o(.text) refers to _printf_hex_int.o(.text) for _printf_longlong_hex
    lcd.o(.text) refers to delay.o(.text) for delay_us
    lcd.o(.text) refers to lcd.o(.bss) for lcddev
    lcd.o(.text) refers to lcd.o(.data) for POINT_COLOR
    lcd.o(.text) refers to stm32f4xx_rcc.o(.text) for RCC_AHB1PeriphClockCmd
    lcd.o(.text) refers to stm32f4xx_gpio.o(.text) for GPIO_Init
    lcd.o(.text) refers to stm32f4xx_fsmc.o(.text) for FSMC_NORSRAMInit
    lcd.o(.text) refers to noretval__2printf.o(.text) for __2printf
    lcd.o(.text) refers to lcd.o(.constdata) for asc2_1206
    key.o(.text) refers to stm32f4xx_rcc.o(.text) for RCC_AHB1PeriphClockCmd
    key.o(.text) refers to stm32f4xx_gpio.o(.text) for GPIO_Init
    key.o(.text) refers to delay.o(.text) for delay_ms
    key.o(.text) refers to key.o(.data) for key_up
    myiic.o(.text) refers to stm32f4xx_rcc.o(.text) for RCC_AHB1PeriphClockCmd
    myiic.o(.text) refers to stm32f4xx_gpio.o(.text) for GPIO_Init
    myiic.o(.text) refers to delay.o(.text) for delay_us
    24cxx.o(.text) refers to myiic.o(.text) for IIC_Init
    24cxx.o(.text) refers to delay.o(.text) for delay_ms
    ctiic.o(.text) refers to delay.o(.text) for delay_us
    ctiic.o(.text) refers to stm32f4xx_rcc.o(.text) for RCC_AHB1PeriphClockCmd
    ctiic.o(.text) refers to stm32f4xx_gpio.o(.text) for GPIO_Init
    gt9147.o(.text) refers to _printf_percent.o(.ARM.Collect$$_printf_percent$$00000000) for _printf_percent
    gt9147.o(.text) refers to _printf_s.o(.ARM.Collect$$_printf_percent$$00000014) for _printf_s
    gt9147.o(.text) refers to _printf_str.o(.text) for _printf_str
    gt9147.o(.text) refers to _printf_d.o(.ARM.Collect$$_printf_percent$$00000009) for _printf_d
    gt9147.o(.text) refers to _printf_dec.o(.text) for _printf_int_dec
    gt9147.o(.text) refers to ctiic.o(.text) for CT_IIC_Start
    gt9147.o(.text) refers to stm32f4xx_rcc.o(.text) for RCC_AHB1PeriphClockCmd
    gt9147.o(.text) refers to stm32f4xx_gpio.o(.text) for GPIO_Init
    gt9147.o(.text) refers to delay.o(.text) for delay_ms
    gt9147.o(.text) refers to noretval__2printf.o(.text) for __2printf
    gt9147.o(.text) refers to strcmpv7m.o(.text) for strcmp
    gt9147.o(.text) refers to gt9147.o(.constdata) for GT9147_CFG_TBL
    gt9147.o(.text) refers to gt9147.o(.data) for t
    gt9147.o(.text) refers to touch.o(.data) for tp_dev
    ott2001a.o(.text) refers to _printf_percent.o(.ARM.Collect$$_printf_percent$$00000000) for _printf_percent
    ott2001a.o(.text) refers to _printf_x.o(.ARM.Collect$$_printf_percent$$0000000C) for _printf_x
    ott2001a.o(.text) refers to _printf_hex_int.o(.text) for _printf_longlong_hex
    ott2001a.o(.text) refers to ctiic.o(.text) for CT_IIC_Start
    ott2001a.o(.text) refers to stm32f4xx_rcc.o(.text) for RCC_AHB1PeriphClockCmd
    ott2001a.o(.text) refers to stm32f4xx_gpio.o(.text) for GPIO_Init
    ott2001a.o(.text) refers to delay.o(.text) for delay_ms
    ott2001a.o(.text) refers to noretval__2printf.o(.text) for __2printf
    ott2001a.o(.text) refers to dflt_clz.o(x$fpl$dflt) for __aeabi_i2d
    ott2001a.o(.text) refers to dmul.o(x$fpl$dmul) for __aeabi_dmul
    ott2001a.o(.text) refers to dfixu.o(x$fpl$dfixu) for __aeabi_d2uiz
    ott2001a.o(.text) refers to daddsub_clz.o(x$fpl$drsb) for __aeabi_drsub
    ott2001a.o(.text) refers to ott2001a.o(.data) for t
    ott2001a.o(.text) refers to touch.o(.data) for tp_dev
    ott2001a.o(.text) refers to ott2001a.o(.constdata) for OTT_TPX_TBL
    touch.o(.text) refers to delay.o(.text) for delay_us
    touch.o(.text) refers to lcd.o(.text) for LCD_DrawLine
    touch.o(.text) refers to 24cxx.o(.text) for AT24CXX_WriteLenByte
    touch.o(.text) refers to touch.o(.data) for CMD_RDX
    touch.o(.text) refers to lcd.o(.data) for POINT_COLOR
    touch.o(.text) refers to dflt_clz.o(x$fpl$dfltu) for __aeabi_ui2d
    touch.o(.text) refers to sqrt.o(i.__hardfp_sqrt) for __hardfp_sqrt
    touch.o(.text) refers to dfixu.o(x$fpl$dfixu) for __aeabi_d2uiz
    touch.o(.text) refers to lcd.o(.bss) for lcddev
[...]
    ../clib/printf.c                         0x00000000   Number         0  __printf.o ABSOLUTE
    ../clib/printf.c                         0x00000000   Number         0  __printf_flags_ss_wp.o ABSOLUTE
    ../clib/printf.c                         0x00000000   Number         0  __2printf.o ABSOLUTE
    ../clib/printf.c                         0x00000000   Number         0  noretval__2printf.o ABSOLUTE
    ../clib/printf.c                         0x00000000   Number         0  _printf_str.o ABSOLUTE
    ../clib/printf.c                         0x00000000   Number         0  _printf_dec.o ABSOLUTE
    ../clib/printf_percent.s                 0x00000000   Number         0  _printf_x.o ABSOLUTE
    ../clib/printf_percent.s                 0x00000000   Number         0  _printf_percent_end.o ABSOLUTE
    ../clib/printf_percent.s                 0x00000000   Number         0  _printf_s.o ABSOLUTE
    ../clib/printf_percent.s                 0x00000000   Number         0  _printf_d.o ABSOLUTE
    ../clib/printf_percent.s                 0x00000000   Number         0  _printf_percent.o ABSOLUTE
    ../clib/signal.c                         0x00000000   Number         0  defsig_other.o ABSOLUTE
    ../clib/signal.c                         0x00000000   Number         0  defsig_segv_inner.o ABSOLUTE
    ../clib/signal.c                         0x00000000   Number         0  defsig_pvfn_inner.o ABSOLUTE
    ../clib/signal.c                         0x00000000   Number         0  defsig_stak_inner.o ABSOLUTE
    ../clib/signal.c                         0x00000000   Number         0  defsig_rtred_inner.o ABSOLUTE
    ../clib/signal.c                         0x00000000   Number         0  defsig_fpe_inner.o ABSOLUTE
    ../clib/signal.c                         0x00000000   Number         0  defsig_abrt_inner.o ABSOLUTE
    ../clib/signal.c                         0x00000000   Number         0  defsig_general.o ABSOLUTE
    ../clib/signal.c                         0x00000000   Number         0  __raise.o ABSOLUTE
    ../clib/signal.c                         0x00000000   Number         0  defsig_rtmem_inner.o ABSOLUTE
    ../clib/signal.c                         0x00000000   Number         0  defsig_cppl_inner.o ABSOLUTE
    ../clib/signal.c                         0x00000000   Number         0  defsig_rtmem_formal.o ABSOLUTE
    ../clib/signal.c                         0x00000000   Number         0  defsig_rtmem_outer.o ABSOLUTE
    ../clib/signal.c                         0x00000000   Number         0  defsig_exit.o ABSOLUTE
    ../clib/signal.s                         0x00000000   Number         0  defsig.o ABSOLUTE
    ../clib/stdio.c                          0x00000000   Number         0  ferror.o ABSOLUTE
    ../clib/stdio.c                          0x00000000   Number         0  ferror_locked.o ABSOLUTE
    ../clib/stdlib.c                         0x00000000   Number         0  exit.o ABSOLUTE
    ../fplib/daddsub.s                       0x00000000   Number         0  daddsub_clz.o ABSOLUTE
    ../fplib/dcmpi.s                         0x00000000   Number         0  dcmpi.o ABSOLUTE
    ../fplib/dfixu.s                         0x00000000   Number         0  dfixu.o ABSOLUTE
    ../fplib/dflt.s                          0x00000000   Number         0  dflt_clz.o ABSOLUTE
    ../fplib/dleqf.s                         0x00000000   Number         0  dleqf.o ABSOLUTE
    ../fplib/dmul.s                          0x00000000   Number         0  dmul.o ABSOLUTE
    ../fplib/dnaninf.s                       0x00000000   Number         0  dnaninf.o ABSOLUTE
    ../fplib/dretinf.s                       0x00000000   Number         0  dretinf.o ABSOLUTE
    ../fplib/drleqf.s                        0x00000000   Number         0  drleqf.o ABSOLUTE
    ../fplib/dsqrt.s                         0x00000000   Number         0  dsqrt_umaal.o ABSOLUTE
    ../fplib/f2d.s                           0x00000000   Number         0  f2d.o ABSOLUTE
    ../fplib/fnaninf.s                       0x00000000   Number         0  fnaninf.o ABSOLUTE
    ../fplib/fpinit.s                        0x00000000   Number         0  fpinit.o ABSOLUTE
    ../fplib/usenofp.s                       0x00000000   Number         0  usenofp.o ABSOLUTE
    ../mathlib/sqrt.c                        0x00000000   Number         0  sqrt_x.o ABSOLUTE
    ../mathlib/sqrt.c                        0x00000000   Number         0  sqrt.o ABSOLUTE
    ..\CORE\startup_stm32f40_41xxx.s         0x00000000   Number         0  startup_stm32f40_41xxx.o ABSOLUTE
    ..\FWLIB\src\misc.c                      0x00000000   Number         0  misc.o ABSOLUTE
    ..\FWLIB\src\stm32f4xx_fsmc.c            0x00000000   Number         0  stm32f4xx_fsmc.o ABSOLUTE
    ..\FWLIB\src\stm32f4xx_gpio.c            0x00000000   Number         0  stm32f4xx_gpio.o ABSOLUTE
    ..\FWLIB\src\stm32f4xx_rcc.c             0x00000000   Number         0  stm32f4xx_rcc.o ABSOLUTE
    ..\FWLIB\src\stm32f4xx_syscfg.c          0x00000000   Number         0  stm32f4xx_syscfg.o ABSOLUTE
    ..\FWLIB\src\stm32f4xx_usart.c           0x00000000   Number         0  stm32f4xx_usart.o ABSOLUTE
    ..\HARDWARE\24CXX\24cxx.c                0x00000000   Number         0  24cxx.o ABSOLUTE
    ..\HARDWARE\IIC\myiic.c                  0x00000000   Number         0  myiic.o ABSOLUTE
    ..\HARDWARE\KEY\key.c                    0x00000000   Number         0  key.o ABSOLUTE
    ..\HARDWARE\LCD\lcd.c                    0x00000000   Number         0  lcd.o ABSOLUTE
    ..\HARDWARE\LED\led.c                    0x00000000   Number         0  led.o ABSOLUTE
    ..\HARDWARE\TOUCH\ctiic.c                0x00000000   Number         0  ctiic.o ABSOLUTE
    ..\HARDWARE\TOUCH\gt9147.c               0x00000000   Number         0  gt9147.o ABSOLUTE
    ..\HARDWARE\TOUCH\ott2001a.c             0x00000000   Number         0  ott2001a.o ABSOLUTE
    ..\HARDWARE\TOUCH\touch.c                0x00000000   Number         0  touch.o ABSOLUTE
    ..\SYSTEM\delay\delay.c                  0x00000000   Number         0  delay.o ABSOLUTE
    ..\SYSTEM\sys\sys.c                      0x00000000   Number         0  sys.o ABSOLUTE
    ..\SYSTEM\usart\usart.c                  0x00000000   Number         0  usart.o ABSOLUTE
    ..\\FWLIB\\src\\misc.c                   0x00000000   Number         0  misc.o ABSOLUTE
    ..\\FWLIB\\src\\stm32f4xx_fsmc.c         0x00000000   Number         0  stm32f4xx_fsmc.o ABSOLUTE
    ..\\FWLIB\\src\\stm32f4xx_gpio.c         0x00000000   Number         0  stm32f4xx_gpio.o ABSOLUTE
    ..\\FWLIB\\src\\stm32f4xx_rcc.c          0x00000000   Number         0  stm32f4xx_rcc.o ABSOLUTE
    ..\\FWLIB\\src\\stm32f4xx_syscfg.c       0x00000000   Number         0  stm32f4xx_syscfg.o ABSOLUTE
    ..\\FWLIB\\src\\stm32f4xx_usart.c        0x00000000   Number         0  stm32f4xx_usart.o ABSOLUTE
    ..\\HARDWARE\\24CXX\\24cxx.c             0x00000000   Number         0  24cxx.o ABSOLUTE
    ..\\HARDWARE\\IIC\\myiic.c               0x00000000   Number         0  myiic.o ABSOLUTE
    ..\\HARDWARE\\KEY\\key.c                 0x00000000   Number         0  key.o ABSOLUTE
    ..\\HARDWARE\\LCD\\lcd.c                 0x00000000   Number         0  lcd.o ABSOLUTE
    ..\\HARDWARE\\LED\\led.c                 0x00000000   Number         0  led.o ABSOLUTE
    ..\\HARDWARE\\TOUCH\\ctiic.c             0x00000000   Number         0  ctiic.o ABSOLUTE
    ..\\HARDWARE\\TOUCH\\gt9147.c            0x00000000   Number         0  gt9147.o ABSOLUTE
    ..\\HARDWARE\\TOUCH\\ott2001a.c          0x00000000   Number         0  ott2001a.o ABSOLUTE
    ..\\HARDWARE\\TOUCH\\touch.c             0x00000000   Number         0  touch.o ABSOLUTE
    ..\\SYSTEM\\delay\\delay.c               0x00000000   Number         0  delay.o ABSOLUTE
    ..\\SYSTEM\\sys\\sys.c                   0x00000000   Number         0  sys.o ABSOLUTE
    ..\\SYSTEM\\usart\\usart.c               0x00000000   Number         0  usart.o ABSOLUTE
    dc.s                                     0x00000000   Number         0  dc.o ABSOLUTE
    main.c                                   0x00000000   Number         0  main.o ABSOLUTE
    main.c                                   0x00000000   Number         0  main.o ABSOLUTE
    stm32f4xx_it.c                           0x00000000   Number         0  stm32f4xx_it.o ABSOLUTE
    stm32f4xx_it.c                           0x00000000   Number         0  stm32f4xx_it.o ABSOLUTE
    system_stm32f4xx.c                       0x00000000   Number         0  system_stm32f4xx.o ABSOLUTE
    system_stm32f4xx.c                       0x00000000   Number         0  system_stm32f4xx.o ABSOLUTE
    RESET                                    0x08000000   Section      392  startup_stm32f40_41xxx.o(RESET)
    !!!main                                  0x08000188   Section        8  __main.o(!!!main)
    !!!scatter                               0x08000190   Section       52  __scatter.o(!!!scatter)
    !!handler_copy                           0x080001c4   Section       26  __scatter_copy.o(!!handler_copy)
    !!handler_zi                             0x080001e0   Section       28  __scatter_zi.o(!!handler_zi)
    .ARM.Collect$$_printf_percent$$00000000  0x080001fc   Section        0  _printf_percent.o(.ARM.Collect$$_printf_percent$$00000000)
    .ARM.Collect$$_printf_percent$$00000009  0x080001fc   Section        6  _printf_d.o(.ARM.Collect$$_printf_percent$$00000009)
    .ARM.Collect$$_printf_percent$$0000000C  0x08000202   Section        6  _printf_x.o(.ARM.Collect$$_printf_percent$$0000000C)
    .ARM.Collect$$_printf_percent$$00000014  0x08000208   Section        6  _printf_s.o(.ARM.Collect$$_printf_percent$$00000014)
    .ARM.Collect$$_printf_percent$$00000017  0x0800020e   Section        4  _printf_percent_end.o(.ARM.Collect$$_printf_percent$$00000017)
    .ARM.Collect$$libinit$$00000000          0x08000212   Section        2  libinit.o(.ARM.Collect$$libinit$$00000000)
    .ARM.Collect$$libinit$$00000001          0x08000214   Section        4  libinit2.o(.ARM.Collect$$libinit$$00000001)
    .ARM.Collect$$libinit$$00000004          0x08000218   Section        0  libinit2.o(.ARM.Collect$$libinit$$00000004)
    .ARM.Collect$$libinit$$0000000A          0x08000218   Section        0  libinit2.o(.ARM.Collect$$libinit$$0000000A)
    .ARM.Collect$$libinit$$0000000C          0x08000218   Section        0  libinit2.o(.ARM.Collect$$libinit$$0000000C)
    .ARM.Collect$$libinit$$0000000E          0x08000218   Section        0  libinit2.o(.ARM.Collect$$libinit$$0000000E)
    .ARM.Collect$$libinit$$00000011          0x08000218   Section        0  libinit2.o(.ARM.Collect$$libinit$$00000011)
    .ARM.Collect$$libinit$$00000013          0x08000218   Section        0  libinit2.o(.ARM.Collect$$libinit$$00000013)
    .ARM.Collect$$libinit$$00000015          0x08000218   Section        0  libinit2.o(.ARM.Collect$$libinit$$00000015)
    .ARM.Collect$$libinit$$00000017          0x08000218   Section        0  libinit2.o(.ARM.Collect$$libinit$$00000017)
    .ARM.Collect$$libinit$$00000019          0x08000218   Section        0  libinit2.o(.ARM.Collect$$libinit$$00000019)
    .ARM.Collect$$libinit$$0000001B          0x08000218   Section        0  libinit2.o(.ARM.Collect$$libinit$$0000001B)
    .ARM.Collect$$libinit$$0000001D          0x08000218   Section        0  libinit2.o(.ARM.Collect$$libinit$$0000001D)
    .ARM.Collect$$libinit$$0000001F          0x08000218   Section        0  libinit2.o(.ARM.Collect$$libinit$$0000001F)
    .ARM.Collect$$libinit$$00000021          0x08000218   Section        0  libinit2.o(.ARM.Collect$$libinit$$00000021)
    .ARM.Collect$$libinit$$00000023          0x08000218   Section        0  libinit2.o(.ARM.Collect$$libinit$$00000023)
    .ARM.Collect$$libinit$$00000025          0x08000218   Section        0  libinit2.o(.ARM.Collect$$libinit$$00000025)
    .ARM.Collect$$libinit$$0000002C          0x08000218   Section        0  libinit2.o(.ARM.Collect$$libinit$$0000002C)
    .ARM.Collect$$libinit$$0000002E          0x08000218   Section        0  libinit2.o(.ARM.Collect$$libinit$$0000002E)
    .ARM.Collect$$libinit$$00000030          0x08000218   Section        0  libinit2.o(.ARM.Collect$$libinit$$00000030)
    .ARM.Collect$$libinit$$00000032          0x08000218   Section        0  libinit2.o(.ARM.Collect$$libinit$$00000032)
    .ARM.Collect$$libinit$$00000033          0x08000218   Section        2  libinit2.o(.ARM.Collect$$libinit$$00000033)
    .ARM.Collect$$libshutdown$$00000000      0x0800021a   Section        2  libshutdown.o(.ARM.Collect$$libshutdown$$00000000)
    .ARM.Collect$$libshutdown$$00000002      0x0800021c   Section        0  libshutdown2.o(.ARM.Collect$$libshutdown$$00000002)
    .ARM.Collect$$libshutdown$$00000004      0x0800021c   Section        0  libshutdown2.o(.ARM.Collect$$libshutdown$$00000004)
    .ARM.Collect$$libshutdown$$00000007      0x0800021c   Section        0  libshutdown2.o(.ARM.Collect$$libshutdown$$00000007)
    .ARM.Collect$$libshutdown$$0000000A      0x0800021c   Section        0  libshutdown2.o(.ARM.Collect$$libshutdown$$0000000A)
    .ARM.Collect$$libshutdown$$0000000C      0x0800021c   Section        0  libshutdown2.o(.ARM.Collect$$libshutdown$$0000000C)
    .ARM.Collect$$libshutdown$$0000000F      0x0800021c   Section        0  libshutdown2.o(.ARM.Collect$$libshutdown$$0000000F)
    .ARM.Collect$$libshutdown$$00000010      0x0800021c   Section        2  libshutdown2.o(.ARM.Collect$$libshutdown$$00000010)
    .ARM.Collect$$rtentry$$00000000          0x0800021e   Section        0  __rtentry.o(.ARM.Collect$$rtentry$$00000000)
    .ARM.Collect$$rtentry$$00000002          0x0800021e   Section        0  __rtentry2.o(.ARM.Collect$$rtentry$$00000002)
    .ARM.Collect$$rtentry$$00000004          0x0800021e   Section        6  __rtentry4.o(.ARM.Collect$$rtentry$$00000004)
    .ARM.Collect$$rtentry$$00000009          0x08000224   Section        0  __rtentry2.o(.ARM.Collect$$rtentry$$00000009)
    .ARM.Collect$$rtentry$$0000000A          0x08000224   Section        4  __rtentry2.o(.ARM.Collect$$rtentry$$0000000A)
    .ARM.Collect$$rtentry$$0000000C          0x08000228   Section        0  __rtentry2.o(.ARM.Collect$$rtentry$$0000000C)
    .ARM.Collect$$rtentry$$0000000D          0x08000228   Section        8  __rtentry2.o(.ARM.Collect$$rtentry$$0000000D)
    .ARM.Collect$$rtexit$$00000000           0x08000230   Section        2  rtexit.o(.ARM.Collect$$rtexit$$00000000)
    .ARM.Collect$$rtexit$$00000002           0x08000232   Section        0  rtexit2.o(.ARM.Collect$$rtexit$$00000002)
    .ARM.Collect$$rtexit$$00000003           0x08000232   Section        4  rtexit2.o(.ARM.Collect$$rtexit$$00000003)
    .ARM.Collect$$rtexit$$00000004           0x08000236   Section        6  rtexit2.o(.ARM.Collect$$rtexit$$00000004)
    .text                                    0x0800023c   Section        0  main.o(.text)
    .text                                    0x080004cc   Section        0  stm32f4xx_it.o(.text)
    .text                                    0x080004e8   Section        0  system_stm32f4xx.o(.text)
    SetSysClock                              0x080004e9   Thumb Code   220  system_stm32f4xx.o(.text)
    .text                                    0x080006f8   Section        0  lcd.o(.text)
    .text                                    0x08004f9c   Section        0  myiic.o(.text)
    .text                                    0x080051f8   Section        0  24cxx.o(.text)
    .text                                    0x08005374   Section        0  ctiic.o(.text)
    .text                                    0x080055c8   Section        0  gt9147.o(.text)
    .text                                    0x080059b4   Section        0  ott2001a.o(.text)
    .text                                    0x08005d3c   Section        0  touch.o(.text)
    .text                                    0x08006ddc   Section        0  delay.o(.text)
    .text                                    0x08006ee0   Section        0  usart.o(.text)
    .text                                    0x08007034   Section       64  startup_stm32f40_41xxx.o(.text)
    $v0                                      0x08007034   Number         0  startup_stm32f40_41xxx.o(.text)
    .text                                    0x08007074   Section        0  misc.o(.text)
    .text                                    0x08007154   Section        0  stm32f4xx_gpio.o(.text)
    .text                                    0x080073e8   Section        0  stm32f4xx_fsmc.o(.text)
    .text                                    0x080079b0   Section        0  stm32f4xx_rcc.o(.text)
    .text                                    0x0800800c   Section        0  stm32f4xx_usart.o(.text)
    .text                                    0x08008460   Section        2  use_no_semi_2.o(.text)
    .text                                    0x08008464   Section        0  noretval__2printf.o(.text)
    .text                                    0x0800847c   Section        0  __printf.o(.text)
    .text                                    0x080084e4   Section        0  _printf_str.o(.text)
    .text                                    0x08008538   Section        0  _printf_dec.o(.text)
    .text                                    0x080085b0   Section        0  _printf_hex_int.o(.text)
    .text                                    0x08008608   Section      128  strcmpv7m.o(.text)
    .text                                    0x08008688   Section        0  heapauxi.o(.text)
    .text                                    0x0800868e   Section        2  use_no_semi.o(.text)
    .text                                    0x08008690   Section        0  _rserrno.o(.text)
    .text                                    0x080086a6   Section        0  _printf_intcommon.o(.text)
    .text                                    0x08008758   Section        0  _printf_char.o(.text)
    .text                                    0x08008784   Section        0  _printf_char_file.o(.text)
    .text                                    0x080087a8   Section        8  rt_errno_addr_intlibspace.o(.text)
    .text                                    0x080087b0   Section        0  _printf_char_common.o(.text)
    _printf_input_char                       0x080087b1   Thumb Code    10  _printf_char_common.o(.text)
    .text                                    0x080087e0   Section        0  ferror.o(.text)
    .text                                    0x080087e8   Section        8  libspace.o(.text)
    .text                                    0x080087f0   Section       74  sys_stackheap_outer.o(.text)
    .text                                    0x0800883a   Section        0  exit.o(.text)
    i.__hardfp_sqrt                          0x0800884c   Section        0  sqrt.o(i.__hardfp_sqrt)
    x$fpl$dadd                               0x080088c8   Section      336  daddsub_clz.o(x$fpl$dadd)
    $v0                                      0x080088c8   Number         0  daddsub_clz.o(x$fpl$dadd)
    _dadd1                                   0x080088d9   Thumb Code     0  daddsub_clz.o(x$fpl$dadd)
    x$fpl$dcmpinf                            0x08008a18   Section       24  dcmpi.o(x$fpl$dcmpinf)
    $v0                                      0x08008a18   Number         0  dcmpi.o(x$fpl$dcmpinf)
    x$fpl$dfixu                              0x08008a30   Section       90  dfixu.o(x$fpl$dfixu)
    $v0                                      0x08008a30   Number         0  dfixu.o(x$fpl$dfixu)
    x$fpl$dflt                               0x08008a8a   Section       46  dflt_clz.o(x$fpl$dflt)
    $v0                                      0x08008a8a   Number         0  dflt_clz.o(x$fpl$dflt)
    x$fpl$dfltu                              0x08008ab8   Section       38  dflt_clz.o(x$fpl$dfltu)
    $v0                                      0x08008ab8   Number         0  dflt_clz.o(x$fpl$dfltu)
    x$fpl$dleqf                              0x08008ae0   Section      120  dleqf.o(x$fpl$dleqf)
    $v0                                      0x08008ae0   Number         0  dleqf.o(x$fpl$dleqf)
    x$fpl$dmul                               0x08008b58   Section      340  dmul.o(x$fpl$dmul)
    $v0                                      0x08008b58   Number         0  dmul.o(x$fpl$dmul)
    x$fpl$dnaninf                            0x08008cac   Section      156  dnaninf.o(x$fpl$dnaninf)
    $v0                                      0x08008cac   Number         0  dnaninf.o(x$fpl$dnaninf)
    x$fpl$dretinf                            0x08008d48   Section       12  dretinf.o(x$fpl$dretinf)
    $v0                                      0x08008d48   Number         0  dretinf.o(x$fpl$dretinf)
    x$fpl$drleqf                             0x08008d54   Section      108  drleqf.o(x$fpl$drleqf)
    $v0                                      0x08008d54   Number         0  drleqf.o(x$fpl$drleqf)
    x$fpl$drsb                               0x08008dc0   Section       22  daddsub_clz.o(x$fpl$drsb)
    $v0                                      0x08008dc0   Number         0  daddsub_clz.o(x$fpl$drsb)
    x$fpl$dsqrt                              0x08008dd8   Section      408  dsqrt_umaal.o(x$fpl$dsqrt)
    $v0                                      0x08008dd8   Number         0  dsqrt_umaal.o(x$fpl$dsqrt)
    x$fpl$dsub                               0x08008f70   Section      468  daddsub_clz.o(x$fpl$dsub)
    $v0                                      0x08008f70   Number         0  daddsub_clz.o(x$fpl$dsub)
    _dsub1                                   0x08008f81   Thumb Code     0  daddsub_clz.o(x$fpl$dsub)
    x$fpl$f2d                                0x08009144   Section       86  f2d.o(x$fpl$f2d)
    $v0                                      0x08009144   Number         0  f2d.o(x$fpl$f2d)
    x$fpl$fnaninf                            0x0800919a   Section      140  fnaninf.o(x$fpl$fnaninf)
    $v0                                      0x0800919a   Number         0  fnaninf.o(x$fpl$fnaninf)
    x$fpl$fpinit                             0x08009226   Section       10  fpinit.o(x$fpl$fpinit)
    $v0                                      0x08009226   Number         0  fpinit.o(x$fpl$fpinit)
    .constdata                               0x08009230   Section     6080  lcd.o(.constdata)
    x$fpl$usenofp                            0x08009230   Section        0  usenofp.o(x$fpl$usenofp)
    .constdata                               0x0800a9f0   Section      194  gt9147.o(.constdata)
    .constdata                               0x0800aab2   Section       10  ott2001a.o(.constdata)
    .constdata                               0x0800aabc   Section        4  touch.o(.constdata)
    .constdata                               0x0800aac0   Section       28  stm32f4xx_fsmc.o(.constdata)
    .constdata                               0x0800aadc   Section       40  _printf_hex_int.o(.constdata)
    uc_hextab                                0x0800aadc   Data          20  _printf_hex_int.o(.constdata)
    lc_hextab                                0x0800aaf0   Data          20  _printf_hex_int.o(.constdata)
    .conststring                             0x0800ab04   Section      121  touch.o(.conststring)
    .data                                    0x20000000   Section       20  system_stm32f4xx.o(.data)
    .data                                    0x20000014   Section        4  lcd.o(.data)
    .data                                    0x20000018   Section        1  gt9147.o(.data)
    t                                        0x20000018   Data           1  gt9147.o(.data)
    .data                                    0x20000019   Section        1  ott2001a.o(.data)
    t                                        0x20000019   Data           1  ott2001a.o(.data)
    .data                                    0x2000001c   Section       54  touch.o(.data)
    .data                                    0x20000052   Section        4  delay.o(.data)
    fac_us                                   0x20000052   Data           1  delay.o(.data)
    fac_ms                                   0x20000054   Data           2  delay.o(.data)
    .data                                    0x20000058   Section        6  usart.o(.data)
    .data                                    0x2000005e   Section       16  stm32f4xx_rcc.o(.data)
    APBAHBPrescTable                         0x2000005e   Data          16  stm32f4xx_rcc.o(.data)
    .bss                                     0x20000070   Section       14  lcd.o(.bss)
    .bss                                     0x2000007e   Section      200  usart.o(.bss)
    .bss                                     0x20000148   Section       96  libspace.o(.bss)
    HEAP                                     0x200001a8   Section      512  startup_stm32f40_41xxx.o(HEAP)
    Heap_Mem                                 0x200001a8   Data         512  startup_stm32f40_41xxx.o(HEAP)
    STACK                                    0x200003a8   Section     1024  startup_stm32f40_41xxx.o(STACK)
    Stack_Mem                                0x200003a8   Data        1024  startup_stm32f40_41xxx.o(STACK)
    __initial_sp                             0x200007a8   Data           0  startup_stm32f40_41xxx.o(STACK)

    Global Symbols

    Symbol Name                              Value     Ov Type        Size  Object(Section)

    BuildAttributes$$THM_ISAv4$E$P$D$K$B$S$7EM$VFPi3$EXTD16$VFPS$VFMA$PE$A:L22UL41UL21$X:L11$S22US41US21$IEEE1$IW$USESV6$~STKCKD$USESV7$~SHL$OTIME$ROPI$IEEEJ$EBA8$UX$STANDARDLIB$REQ8$PRES8$EABIv2 0x00000000   Number         0  anon$$obj.o ABSOLUTE
    __ARM_use_no_argv                        0x00000000   Number         0  main.o ABSOLUTE
    __ARM_exceptions_init                     - Undefined Weak Reference
    __alloca_initialize                       - Undefined Weak Reference
    __arm_preinit_                            - Undefined Weak Reference
    __cpp_initialize__aeabi_                  - Undefined Weak Reference
    __cxa_finalize                            - Undefined Weak Reference
    __rt_locale                               - Undefined Weak Reference
    __sigvec_lookup                           - Undefined Weak Reference
    _atexit_init                              - Undefined Weak Reference
    _call_atexit_fns                          - Undefined Weak Reference
    _clock_init                               - Undefined Weak Reference
    _fp_trap_init                             - Undefined Weak Reference
    _fp_trap_shutdown                         - Undefined Weak Reference
    _get_lc_collate                           - Undefined Weak Reference
    _get_lc_ctype                             - Undefined Weak Reference
    _get_lc_monetary                          - Undefined Weak Reference
    _get_lc_numeric                           - Undefined Weak Reference
    _get_lc_time                              - Undefined Weak Reference
    _getenv_init                              - Undefined Weak Reference
    _handle_redirection                       - Undefined Weak Reference
    _init_alloc                               - Undefined Weak Reference
    _init_user_alloc                          - Undefined Weak Reference
    _initio                                   - Undefined Weak Reference
    _mutex_acquire                            - Undefined Weak Reference
    _mutex_release                            - Undefined Weak Reference
    _printf_mbtowc                            - Undefined Weak Reference
    _printf_post_padding                      - Undefined Weak Reference
    _printf_pre_padding                       - Undefined Weak Reference
    _printf_truncate_signed                   - Undefined Weak Reference
    _printf_truncate_unsigned                 - Undefined Weak Reference
    _rand_init                                - Undefined Weak Reference
    _signal_finish                            - Undefined Weak Reference
    _signal_init                              - Undefined Weak Reference
    _terminate_alloc                          - Undefined Weak Reference
    _terminate_user_alloc                     - Undefined Weak Reference
    _terminateio                              - Undefined Weak Reference
    __Vectors_Size                           0x00000188   Number         0  startup_stm32f40_41xxx.o ABSOLUTE
    __Vectors                                0x08000000   Data           4  startup_stm32f40_41xxx.o(RESET)
    __Vectors_End                            0x08000188   Data           0  startup_stm32f40_41xxx.o(RESET)
    __main                                   0x08000189   Thumb Code     8  __main.o(!!!main)
    __scatterload                            0x08000191   Thumb Code     0  __scatter.o(!!!scatter)
    __scatterload_rt2                        0x08000191   Thumb Code    44  __scatter.o(!!!scatter)
    __scatterload_rt2_thumb_only             0x08000191   Thumb Code     0  __scatter.o(!!!scatter)
    __scatterload_null                       0x0800019f   Thumb Code     0  __scatter.o(!!!scatter)
    __scatterload_copy                       0x080001c5   Thumb Code    26  __scatter_copy.o(!!handler_copy)
    __scatterload_zeroinit                   0x080001e1   Thumb Code    28  __scatter_zi.o(!!handler_zi)
    _printf_d                                0x080001fd   Thumb Code     0  _printf_d.o(.ARM.Collect$$_printf_percent$$00000009)
    _printf_percent                          0x080001fd   Thumb Code     0  _printf_percent.o(.ARM.Collect$$_printf_percent$$00000000)
    _printf_x                                0x08000203   Thumb Code     0  _printf_x.o(.ARM.Collect$$_printf_percent$$0000000C)
    _printf_s                                0x08000209   Thumb Code     0  _printf_s.o(.ARM.Collect$$_printf_percent$$00000014)
    _printf_percent_end                      0x0800020f   Thumb Code     0  _printf_percent_end.o(.ARM.Collect$$_printf_percent$$00000017)
    __rt_lib_init                            0x08000213   Thumb Code     0  libinit.o(.ARM.Collect$$libinit$$00000000)
    __rt_lib_init_fp_1                       0x08000215   Thumb Code     0  libinit2.o(.ARM.Collect$$libinit$$00000001)
    __rt_lib_init_alloca_1                   0x08000219   Thumb Code     0  libinit2.o(.ARM.Collect$$libinit$$0000002E)
    __rt_lib_init_argv_1                     0x08000219   Thumb Code     0  libinit2.o(.ARM.Collect$$libinit$$0000002C)
    __rt_lib_init_atexit_1                   0x08000219   Thumb Code     0  libinit2.o(.ARM.Collect$$libinit$$0000001B)
    __rt_lib_init_clock_1                    0x08000219   Thumb Code     0  libinit2.o(.ARM.Collect$$libinit$$00000021)
    __rt_lib_init_cpp_1                      0x08000219   Thumb Code     0  libinit2.o(.ARM.Collect$$libinit$$00000032)
    __rt_lib_init_exceptions_1               0x08000219   Thumb Code     0  libinit2.o(.ARM.Collect$$libinit$$00000030)
    __rt_lib_init_fp_trap_1                  0x08000219   Thumb Code     0  libinit2.o(.ARM.Collect$$libinit$$0000001F)
    __rt_lib_init_getenv_1                   0x08000219   Thumb Code     0  libinit2.o(.ARM.Collect$$libinit$$00000023)
    __rt_lib_init_heap_1                     0x08000219   Thumb Code     0  libinit2.o(.ARM.Collect$$libinit$$0000000A)
    __rt_lib_init_lc_collate_1               0x08000219   Thumb Code     0  libinit2.o(.ARM.Collect$$libinit$$00000011)
    __rt_lib_init_lc_ctype_1                 0x08000219   Thumb Code     0  libinit2.o(.ARM.Collect$$libinit$$00000013)
    __rt_lib_init_lc_monetary_1              0x08000219   Thumb Code     0  libinit2.o(.ARM.Collect$$libinit$$00000015)
    __rt_lib_init_lc_numeric_1               0x08000219   Thumb Code     0  libinit2.o(.ARM.Collect$$libinit$$00000017)
    __rt_lib_init_lc_time_1                  0x08000219   Thumb Code     0  libinit2.o(.ARM.Collect$$libinit$$00000019)
    __rt_lib_init_preinit_1                  0x08000219   Thumb Code     0  libinit2.o(.ARM.Collect$$libinit$$00000004)
    __rt_lib_init_rand_1                     0x08000219   Thumb Code     0  libinit2.o(.ARM.Collect$$libinit$$0000000E)
    __rt_lib_init_return                     0x08000219   Thumb Code     0  libinit2.o(.ARM.Collect$$libinit$$00000033)
    __rt_lib_init_signal_1                   0x08000219   Thumb Code     0  libinit2.o(.ARM.Collect$$libinit$$0000001D)
    __rt_lib_init_stdio_1                    0x08000219   Thumb Code     0  libinit2.o(.ARM.Collect$$libinit$$00000025)
    __rt_lib_init_user_alloc_1               0x08000219   Thumb Code     0  libinit2.o(.ARM.Collect$$libinit$$0000000C)
    __rt_lib_shutdown                        0x0800021b   Thumb Code     0  libshutdown.o(.ARM.Collect$$libshutdown$$00000000)
    __rt_lib_shutdown_cpp_1                  0x0800021d   Thumb Code     0  libshutdown2.o(.ARM.Collect$$libshutdown$$00000002)
    __rt_lib_shutdown_fp_trap_1              0x0800021d   Thumb Code     0  libshutdown2.o(.ARM.Collect$$libshutdown$$00000007)
    __rt_lib_shutdown_heap_1                 0x0800021d   Thumb Code     0  libshutdown2.o(.ARM.Collect$$libshutdown$$0000000F)
    __rt_lib_shutdown_return                 0x0800021d   Thumb Code     0  libshutdown2.o(.ARM.Collect$$libshutdown$$00000010)
    __rt_lib_shutdown_signal_1               0x0800021d   Thumb Code     0  libshutdown2.o(.ARM.Collect$$libshutdown$$0000000A)
    __rt_lib_shutdown_stdio_1                0x0800021d   Thumb Code     0  libshutdown2.o(.ARM.Collect$$libshutdown$$00000004)
    __rt_lib_shutdown_user_alloc_1           0x0800021d   Thumb Code     0  libshutdown2.o(.ARM.Collect$$libshutdown$$0000000C)
    __rt_entry                               0x0800021f   Thumb Code     0  __rtentry.o(.ARM.Collect$$rtentry$$00000000)
    __rt_entry_presh_1                       0x0800021f   Thumb Code     0  __rtentry2.o(.ARM.Collect$$rtentry$$00000002)
    __rt_entry_sh                            0x0800021f   Thumb Code     0  __rtentry4.o(.ARM.Collect$$rtentry$$00000004)
    __rt_entry_li                            0x08000225   Thumb Code     0  __rtentry2.o(.ARM.Collect$$rtentry$$0000000A)
    __rt_entry_postsh_1                      0x08000225   Thumb Code     0  __rtentry2.o(.ARM.Collect$$rtentry$$00000009)
    __rt_entry_main                          0x08000229   Thumb Code     0  __rtentry2.o(.ARM.Collect$$rtentry$$0000000D)
    __rt_entry_postli_1                      0x08000229   Thumb Code     0  __rtentry2.o(.ARM.Collect$$rtentry$$0000000C)
    __rt_exit                                0x08000231   Thumb Code     0  rtexit.o(.ARM.Collect$$rtexit$$00000000)
    __rt_exit_ls                             0x08000233   Thumb Code     0  rtexit2.o(.ARM.Collect$$rtexit$$00000003)
    __rt_exit_prels_1                        0x08000233   Thumb Code     0  rtexit2.o(.ARM.Collect$$rtexit$$00000002)
    __rt_exit_exit                           0x08000237   Thumb Code     0  rtexit2.o(.ARM.Collect$$rtexit$$00000004)
    gui_draw_hline                           0x0800023d   Thumb Code    36  main.o(.text)
    gui_fill_circle                          0x08000261   Thumb Code   176  main.o(.text)
    my_abs                                   0x08000311   Thumb Code    18  main.o(.text)
    lcd_draw_bline                           0x08000323   Thumb Code   212  main.o(.text)
    main                                     0x080003f7   Thumb Code   186  main.o(.text)
    NMI_Handler                              0x080004cd   Thumb Code     2  stm32f4xx_it.o(.text)
    HardFault_Handler                        0x080004cf   Thumb Code     4  stm32f4xx_it.o(.text)
    MemManage_Handler                        0x080004d3   Thumb Code     4  stm32f4xx_it.o(.text)
    BusFault_Handler                         0x080004d7   Thumb Code     4  stm32f4xx_it.o(.text)
    UsageFault_Handler                       0x080004db   Thumb Code     4  stm32f4xx_it.o(.text)
    SVC_Handler                              0x080004df   Thumb Code     2  stm32f4xx_it.o(.text)
    DebugMon_Handler                         0x080004e1   Thumb Code     2  stm32f4xx_it.o(.text)
    PendSV_Handler                           0x080004e3   Thumb Code     2  stm32f4xx_it.o(.text)
    SysTick_Handler                          0x080004e5   Thumb Code     2  stm32f4xx_it.o(.text)
    SystemInit                               0x080005c5   Thumb Code    88  system_stm32f4xx.o(.text)
    SystemCoreClockUpdate                    0x0800061d   Thumb Code   174  system_stm32f4xx.o(.text)
    LCD_WR_REG                               0x080006f9   Thumb Code    18  lcd.o(.text)
    LCD_WR_DATA                              0x0800070b   Thumb Code    20  lcd.o(.text)
    LCD_RD_DATA                              0x0800071f   Thumb Code    16  lcd.o(.text)
    LCD_WriteReg                             0x0800072f   Thumb Code    24  lcd.o(.text)
    LCD_ReadReg                              0x08000747   Thumb Code    22  lcd.o(.text)
    LCD_WriteRAM_Prepare                     0x0800075d   Thumb Code    10  lcd.o(.text)
    LCD_WriteRAM                             0x08000767   Thumb Code     8  lcd.o(.text)
    LCD_BGR2RGB                              0x0800076f   Thumb Code    26  lcd.o(.text)
    opt_delay                                0x08000789   Thumb Code    14  lcd.o(.text)
    LCD_SetCursor                            0x08000797   Thumb Code   262  lcd.o(.text)
    LCD_ReadPoint                            0x0800089d   Thumb Code   356  lcd.o(.text)
    LCD_DisplayOn                            0x08000a01   Thumb Code    80  lcd.o(.text)
    LCD_DisplayOff                           0x08000a51   Thumb Code    78  lcd.o(.text)
    LCD_Scan_Dir                             0x08000a9f   Thumb Code   734  lcd.o(.text)
    LCD_DrawPoint                            0x08000d7d   Thumb Code    28  lcd.o(.text)
    LCD_Fast_DrawPoint                       0x08000d99   Thumb Code   282  lcd.o(.text)
    LCD_Display_Dir                          0x08000eb3   Thumb Code   378  lcd.o(.text)
    LCD_Set_Window                           0x0800102d   Thumb Code   382  lcd.o(.text)
    LCD_Clear                                0x080011ab   Thumb Code   100  lcd.o(.text)
    LCD_Init                                 0x0800120f   Thumb Code 14236  lcd.o(.text)
    LCD_Fill                                 0x080049ab   Thumb Code   180  lcd.o(.text)
    LCD_Color_Fill                           0x08004a5f   Thumb Code    92  lcd.o(.text)
    LCD_Color_Fill2                          0x08004abb   Thumb Code    92  lcd.o(.text)
    LCD_DrawLine                             0x08004b17   Thumb Code   176  lcd.o(.text)
    LCD_DrawRectangle                        0x08004bc7   Thumb Code    60  lcd.o(.text)
    LCD_Draw_Circle                          0x08004c03   Thumb Code   164  lcd.o(.text)
    LCD_ShowChar                             0x08004ca7   Thumb Code   272  lcd.o(.text)
    LCD_Pow                                  0x08004db7   Thumb Code    22  lcd.o(.text)
    LCD_ShowNum                              0x08004dcd   Thumb Code   148  lcd.o(.text)
    LCD_ShowxNum                             0x08004e61   Thumb Code   190  lcd.o(.text)
    LCD_ShowString                           0x08004f1f   Thumb Code   102  lcd.o(.text)
    IIC_Init                                 0x08004f9d   Thumb Code    62  myiic.o(.text)
    IIC_Start                                0x08004fdb   Thumb Code    68  myiic.o(.text)
    IIC_Stop                                 0x0800501f   Thumb Code    62  myiic.o(.text)
    IIC_Wait_Ack                             0x0800505d   Thumb Code    82  myiic.o(.text)
    IIC_Ack                                  0x080050af   Thumb Code    66  myiic.o(.text)
    IIC_NAck                                 0x080050f1   Thumb Code    66  myiic.o(.text)
    IIC_Send_Byte                            0x08005133   Thumb Code    90  myiic.o(.text)
    IIC_Read_Byte                            0x0800518d   Thumb Code    94  myiic.o(.text)
    AT24CXX_Init                             0x080051f9   Thumb Code     8  24cxx.o(.text)
    AT24CXX_ReadOneByte                      0x08005201   Thumb Code    88  24cxx.o(.text)
    AT24CXX_WriteOneByte                     0x08005259   Thumb Code    80  24cxx.o(.text)
    AT24CXX_WriteLenByte                     0x080052a9   Thumb Code    42  24cxx.o(.text)
    AT24CXX_ReadLenByte                      0x080052d3   Thumb Code    44  24cxx.o(.text)
    AT24CXX_Check                            0x080052ff   Thumb Code    46  24cxx.o(.text)
    AT24CXX_Read                             0x0800532d   Thumb Code    34  24cxx.o(.text)
    AT24CXX_Write                            0x0800534f   Thumb Code    36  24cxx.o(.text)
    CT_Delay                                 0x08005375   Thumb Code    10  ctiic.o(.text)
    CT_IIC_Init                              0x0800537f   Thumb Code    60  ctiic.o(.text)
    CT_IIC_Start                             0x080053bb   Thumb Code    62  ctiic.o(.text)
    CT_IIC_Stop                              0x080053f9   Thumb Code    56  ctiic.o(.text)
    CT_IIC_Wait_Ack                          0x08005431   Thumb Code    78  ctiic.o(.text)
    CT_IIC_Ack                               0x0800547f   Thumb Code    66  ctiic.o(.text)
    CT_IIC_NAck                              0x080054c1   Thumb Code    66  ctiic.o(.text)
    CT_IIC_Send_Byte                         0x08005503   Thumb Code    82  ctiic.o(.text)
    CT_IIC_Read_Byte                         0x08005555   Thumb Code    92  ctiic.o(.text)
    GT9147_WR_Reg                            0x080055c9   Thumb Code    92  gt9147.o(.text)
    GT9147_Send_Cfg                          0x08005625   Thumb Code    86  gt9147.o(.text)
    GT9147_RD_Reg                            0x0800567b   Thumb Code    98  gt9147.o(.text)
    GT9147_Init                              0x080056dd   Thumb Code   246  gt9147.o(.text)
    GT9147_Scan                              0x080057d3   Thumb Code   408  gt9147.o(.text)
    OTT2001A_WR_Reg                          0x080059b5   Thumb Code    92  ott2001a.o(.text)
    OTT2001A_RD_Reg                          0x08005a11   Thumb Code    98  ott2001a.o(.text)
    OTT2001A_SensorControl                   0x08005a73   Thumb Code    28  ott2001a.o(.text)
    OTT2001A_Init                            0x08005a8f   Thumb Code   142  ott2001a.o(.text)
    OTT2001A_Scan                            0x08005b1d   Thumb Code   478  ott2001a.o(.text)
    TP_Write_Byte                            0x08005d3d   Thumb Code    64  touch.o(.text)
    TP_Read_AD                               0x08005d7d   Thumb Code   132  touch.o(.text)
    TP_Read_XOY                              0x08005e01   Thumb Code   120  touch.o(.text)
    TP_Read_XY                               0x08005e79   Thumb Code    38  touch.o(.text)
    TP_Read_XY2                              0x08005e9f   Thumb Code   192  touch.o(.text)
    TP_Drow_Touch_Point                      0x08005f5f   Thumb Code   108  touch.o(.text)
    TP_Draw_Big_Point                        0x08005fcb   Thumb Code    54  touch.o(.text)
    TP_Scan                                  0x08006001   Thumb Code   244  touch.o(.text)
    TP_Save_Adjdata                          0x080060f5   Thumb Code   166  touch.o(.text)
    TP_Get_Adjdata                           0x0800619b   Thumb Code   160  touch.o(.text)
    TP_Adj_Info_Show                         0x0800623b   Thumb Code   374  touch.o(.text)
    TP_Adjust                                0x080063b1   Thumb Code  2290  touch.o(.text)
    TP_Init                                  0x08006ca3   Thumb Code   228  touch.o(.text)
    delay_init                               0x08006ddd   Thumb Code    52  delay.o(.text)
    delay_us                                 0x08006e11   Thumb Code    72  delay.o(.text)
    delay_xms                                0x08006e59   Thumb Code    72  delay.o(.text)
    delay_ms                                 0x08006ea1   Thumb Code    56  delay.o(.text)
    _sys_exit                                0x08006ee1   Thumb Code     6  usart.o(.text)
    fputc                                    0x08006ee7   Thumb Code    22  usart.o(.text)
    uart_init                                0x08006efd   Thumb Code   172  usart.o(.text)
    USART1_IRQHandler                        0x08006fa9   Thumb Code   122  usart.o(.text)
    Reset_Handler                            0x08007035   Thumb Code     8  startup_stm32f40_41xxx.o(.text)
    ADC_IRQHandler                           0x0800704f   Thumb Code     0  startup_stm32f40_41xxx.o(.text)
    CAN1_RX0_IRQHandler                      0x0800704f   Thumb Code     0  startup_stm32f40_41xxx.o(.text)
    CAN1_RX1_IRQHandler                      0x0800704f   Thumb Code     0  startup_stm32f40_41xxx.o(.text)
    CAN1_SCE_IRQHandler                      0x0800704f   Thumb Code     0  startup_stm32f40_41xxx.o(.text)
    CAN1_TX_IRQHandler                       0x0800704f   Thumb Code     0  startup_stm32f40_41xxx.o(.text)
    CAN2_RX0_IRQHandler                      0x0800704f   Thumb Code     0  startup_stm32f40_41xxx.o(.text)
    CAN2_RX1_IRQHandler                      0x0800704f   Thumb Code     0  startup_stm32f40_41xxx.o(.text)
    CAN2_SCE_IRQHandler                      0x0800704f   Thumb Code     0  startup_stm32f40_41xxx.o(.text)
    CAN2_TX_IRQHandler                       0x0800704f   Thumb Code     0  startup_stm32f40_41xxx.o(.text)
    CRYP_IRQHandler                          0x0800704f   Thumb Code     0  startup_stm32f40_41xxx.o(.text)
    DCMI_IRQHandler                          0x0800704f   Thumb Code     0  startup_stm32f40_41xxx.o(.text)
    DMA1_Stream0_IRQHandler                  0x0800704f   Thumb Code     0  startup_stm32f40_41xxx.o(.text)
    DMA1_Stream1_IRQHandler                  0x0800704f   Thumb Code     0  startup_stm32f40_41xxx.o(.text)
    DMA1_Stream2_IRQHandler                  0x0800704f   Thumb Code     0  startup_stm32f40_41xxx.o(.text)
    DMA1_Stream3_IRQHandler                  0x0800704f   Thumb Code     0  startup_stm32f40_41xxx.o(.text)
    DMA1_Stream4_IRQHandler                  0x0800704f   Thumb Code     0  startup_stm32f40_41xxx.o(.text)
    DMA1_Stream5_IRQHandler                  0x0800704f   Thumb Code     0  startup_stm32f40_41xxx.o(.text)
    DMA1_Stream6_IRQHandler                  0x0800704f   Thumb Code     0  startup_stm32f40_41xxx.o(.text)
    DMA1_Stream7_IRQHandler                  0x0800704f   Thumb Code     0  startup_stm32f40_41xxx.o(.text)
    DMA2_Stream0_IRQHandler                  0x0800704f   Thumb Code     0  startup_stm32f40_41xxx.o(.text)
    DMA2_Stream1_IRQHandler                  0x0800704f   Thumb Code     0  startup_stm32f40_41xxx.o(.text)
    DMA2_Stream2_IRQHandler                  0x0800704f   Thumb Code     0  startup_stm32f40_41xxx.o(.text)
    DMA2_Stream3_IRQHandler                  0x0800704f   Thumb Code     0  startup_stm32f40_41xxx.o(.text)
    DMA2_Stream4_IRQHandler                  0x0800704f   Thumb Code     0  startup_stm32f40_41xxx.o(.text)
    DMA2_Stream5_IRQHandler                  0x0800704f   Thumb Code     0  startup_stm32f40_41xxx.o(.text)
    DMA2_Stream6_IRQHandler                  0x0800704f   Thumb Code     0  startup_stm32f40_41xxx.o(.text)
    DMA2_Stream7_IRQHandler                  0x0800704f   Thumb Code     0  startup_stm32f40_41xxx.o(.text)
    ETH_IRQHandler                           0x0800704f   Thumb Code     0  startup_stm32f40_41xxx.o(.text)
    ETH_WKUP_IRQHandler                      0x0800704f   Thumb Code     0  startup_stm32f40_41xxx.o(.text)
    EXTI0_IRQHandler                         0x0800704f   Thumb Code     0  startup_stm32f40_41xxx.o(.text)
    EXTI15_10_IRQHandler                     0x0800704f   Thumb Code     0  startup_stm32f40_41xxx.o(.text)
    EXTI1_IRQHandler                         0x0800704f   Thumb Code     0  startup_stm32f40_41xxx.o(.text)
    EXTI2_IRQHandler                         0x0800704f   Thumb Code     0  startup_stm32f40_41xxx.o(.text)
    EXTI3_IRQHandler                         0x0800704f   Thumb Code     0  startup_stm32f40_41xxx.o(.text)
    EXTI4_IRQHandler                         0x0800704f   Thumb Code     0  startup_stm32f40_41xxx.o(.text)
    EXTI9_5_IRQHandler                       0x0800704f   Thumb Code     0  startup_stm32f40_41xxx.o(.text)
    FLASH_IRQHandler                         0x0800704f   Thumb Code     0  startup_stm32f40_41xxx.o(.text)
    FPU_IRQHandler                           0x0800704f   Thumb Code     0  startup_stm32f40_41xxx.o(.text)
    FSMC_IRQHandler                          0x0800704f   Thumb Code     0  startup_stm32f40_41xxx.o(.text)
    HASH_RNG_IRQHandler                      0x0800704f   Thumb Code     0  startup_stm32f40_41xxx.o(.text)
    I2C1_ER_IRQHandler                       0x0800704f   Thumb Code     0  startup_stm32f40_41xxx.o(.text)
    I2C1_EV_IRQHandler                       0x0800704f   Thumb Code     0  startup_stm32f40_41xxx.o(.text)
    I2C2_ER_IRQHandler                       0x0800704f   Thumb Code     0  startup_stm32f40_41xxx.o(.text)
    I2C2_EV_IRQHandler                       0x0800704f   Thumb Code     0  startup_stm32f40_41xxx.o(.text)
    I2C3_ER_IRQHandler                       0x0800704f   Thumb Code     0  startup_stm32f40_41xxx.o(.text)
    I2C3_EV_IRQHandler                       0x0800704f   Thumb Code     0  startup_stm32f40_41xxx.o(.text)
    OTG_FS_IRQHandler                        0x0800704f   Thumb Code     0  startup_stm32f40_41xxx.o(.text)
    OTG_FS_WKUP_IRQHandler                   0x0800704f   Thumb Code     0  startup_stm32f40_41xxx.o(.text)
    OTG_HS_EP1_IN_IRQHandler                 0x0800704f   Thumb Code     0  startup_stm32f40_41xxx.o(.text)
    OTG_HS_EP1_OUT_IRQHandler                0x0800704f   Thumb Code     0  startup_stm32f40_41xxx.o(.text)
    OTG_HS_IRQHandler                        0x0800704f   Thumb Code     0  startup_stm32f40_41xxx.o(.text)
    OTG_HS_WKUP_IRQHandler                   0x0800704f   Thumb Code     0  startup_stm32f40_41xxx.o(.text)
    PVD_IRQHandler                           0x0800704f   Thumb Code     0  startup_stm32f40_41xxx.o(.text)
    RCC_IRQHandler                           0x0800704f   Thumb Code     0  startup_stm32f40_41xxx.o(.text)
    RTC_Alarm_IRQHandler                     0x0800704f   Thumb Code     0  startup_stm32f40_41xxx.o(.text)
    RTC_WKUP_IRQHandler                      0x0800704f   Thumb Code     0  startup_stm32f40_41xxx.o(.text)
    SDIO_IRQHandler                          0x0800704f   Thumb Code     0  startup_stm32f40_41xxx.o(.text)
    SPI1_IRQHandler                          0x0800704f   Thumb Code     0  startup_stm32f40_41xxx.o(.text)
    SPI2_IRQHandler                          0x0800704f   Thumb Code     0  startup_stm32f40_41xxx.o(.text)
    SPI3_IRQHandler                          0x0800704f   Thumb Code     0  startup_stm32f40_41xxx.o(.text)
    TAMP_STAMP_IRQHandler                    0x0800704f   Thumb Code     0  startup_stm32f40_41xxx.o(.text)
    TIM1_BRK_TIM9_IRQHandler                 0x0800704f   Thumb Code     0  startup_stm32f40_41xxx.o(.text)
    TIM1_CC_IRQHandler                       0x0800704f   Thumb Code     0  startup_stm32f40_41xxx.o(.text)
    TIM1_TRG_COM_TIM11_IRQHandler            0x0800704f   Thumb Code     0  startup_stm32f40_41xxx.o(.text)
    TIM1_UP_TIM10_IRQHandler                 0x0800704f   Thumb Code     0  startup_stm32f40_41xxx.o(.text)
    TIM2_IRQHandler                          0x0800704f   Thumb Code     0  startup_stm32f40_41xxx.o(.text)
    TIM3_IRQHandler                          0x0800704f   Thumb Code     0  startup_stm32f40_41xxx.o(.text)
    TIM4_IRQHandler                          0x0800704f   Thumb Code     0  startup_stm32f40_41xxx.o(.text)
    TIM5_IRQHandler                          0x0800704f   Thumb Code     0  startup_stm32f40_41xxx.o(.text)
    TIM6_DAC_IRQHandler                      0x0800704f   Thumb Code     0  startup_stm32f40_41xxx.o(.text)
    TIM7_IRQHandler                          0x0800704f   Thumb Code     0  startup_stm32f40_41xxx.o(.text)
    TIM8_BRK_TIM12_IRQHandler                0x0800704f   Thumb Code     0  startup_stm32f40_41xxx.o(.text)
    TIM8_CC_IRQHandler                       0x0800704f   Thumb Code     0  startup_stm32f40_41xxx.o(.text)
    TIM8_TRG_COM_TIM14_IRQHandler            0x0800704f   Thumb Code     0  startup_stm32f40_41xxx.o(.text)
    TIM8_UP_TIM13_IRQHandler                 0x0800704f   Thumb Code     0  startup_stm32f40_41xxx.o(.text)
    UART4_IRQHandler                         0x0800704f   Thumb Code     0  startup_stm32f40_41xxx.o(.text)
    UART5_IRQHandler                         0x0800704f   Thumb Code     0  startup_stm32f40_41xxx.o(.text)
    USART2_IRQHandler                        0x0800704f   Thumb Code     0  startup_stm32f40_41xxx.o(.text)
    USART3_IRQHandler                        0x0800704f   Thumb Code     0  startup_stm32f40_41xxx.o(.text)
    USART6_IRQHandler                        0x0800704f   Thumb Code     0  startup_stm32f40_41xxx.o(.text)
    WWDG_IRQHandler                          0x0800704f   Thumb Code     0  startup_stm32f40_41xxx.o(.text)
    __user_initial_stackheap                 0x08007051   Thumb Code     0  startup_stm32f40_41xxx.o(.text)
    NVIC_PriorityGroupConfig                 0x08007075   Thumb Code    10  misc.o(.text)
    NVIC_Init                                0x0800707f   Thumb Code   106  misc.o(.text)
    NVIC_SetVectorTable                      0x080070e9   Thumb Code    14  misc.o(.text)
    NVIC_SystemLPConfig                      0x080070f7   Thumb Code    34  misc.o(.text)
    SysTick_CLKSourceConfig                  0x08007119   Thumb Code    40  misc.o(.text)
    GPIO_DeInit                              0x08007155   Thumb Code   268  stm32f4xx_gpio.o(.text)
    GPIO_Init                                0x08007261   Thumb Code   144  stm32f4xx_gpio.o(.text)
    GPIO_StructInit                          0x080072f1   Thumb Code    18  stm32f4xx_gpio.o(.text)
    GPIO_PinLockConfig                       0x08007303   Thumb Code    34  stm32f4xx_gpio.o(.text)
    GPIO_ReadInputDataBit                    0x08007325   Thumb Code    18  stm32f4xx_gpio.o(.text)
    GPIO_ReadInputData                       0x08007337   Thumb Code     8  stm32f4xx_gpio.o(.text)
    GPIO_ReadOutputDataBit                   0x0800733f   Thumb Code    18  stm32f4xx_gpio.o(.text)
    GPIO_ReadOutputData                      0x08007351   Thumb Code     8  stm32f4xx_gpio.o(.text)
    GPIO_SetBits                             0x08007359   Thumb Code     4  stm32f4xx_gpio.o(.text)
    GPIO_ResetBits                           0x0800735d   Thumb Code     4  stm32f4xx_gpio.o(.text)
    GPIO_WriteBit                            0x08007361   Thumb Code    10  stm32f4xx_gpio.o(.text)
    GPIO_Write                               0x0800736b   Thumb Code     4  stm32f4xx_gpio.o(.text)
    GPIO_ToggleBits                          0x0800736f   Thumb Code     8  stm32f4xx_gpio.o(.text)
    GPIO_PinAFConfig                         0x08007377   Thumb Code    70  stm32f4xx_gpio.o(.text)
    FSMC_NORSRAMDeInit                       0x080073e9   Thumb Code    54  stm32f4xx_fsmc.o(.text)
    FSMC_NORSRAMInit                         0x0800741f   Thumb Code   230  stm32f4xx_fsmc.o(.text)
    FSMC_NORSRAMStructInit                   0x08007505   Thumb Code    48  stm32f4xx_fsmc.o(.text)
    FSMC_NORSRAMCmd                          0x08007535   Thumb Code    46  stm32f4xx_fsmc.o(.text)
    FSMC_NANDDeInit                          0x08007563   Thumb Code    62  stm32f4xx_fsmc.o(.text)
    FSMC_NANDInit                            0x080075a1   Thumb Code   132  stm32f4xx_fsmc.o(.text)
    FSMC_NANDStructInit                      0x08007625   Thumb Code    54  stm32f4xx_fsmc.o(.text)
    FSMC_NANDCmd                             0x0800765b   Thumb Code    86  stm32f4xx_fsmc.o(.text)
    FSMC_NANDECCCmd                          0x080076b1   Thumb Code    86  stm32f4xx_fsmc.o(.text)
    FSMC_GetECC                              0x08007707   Thumb Code    24  stm32f4xx_fsmc.o(.text)
    FSMC_PCCARDDeInit                        0x0800771f   Thumb Code    36  stm32f4xx_fsmc.o(.text)
    FSMC_PCCARDInit                          0x08007743   Thumb Code   130  stm32f4xx_fsmc.o(.text)
    FSMC_PCCARDStructInit                    0x080077c5   Thumb Code    60  stm32f4xx_fsmc.o(.text)
    FSMC_PCCARDCmd                           0x08007801   Thumb Code    44  stm32f4xx_fsmc.o(.text)
    FSMC_ITConfig                            0x0800782d   Thumb Code   128  stm32f4xx_fsmc.o(.text)
    FSMC_GetFlagStatus                       0x080078ad   Thumb Code    54  stm32f4xx_fsmc.o(.text)
    FSMC_ClearFlag                           0x080078e3   Thumb Code    74  stm32f4xx_fsmc.o(.text)
    FSMC_GetITStatus                         0x0800792d   Thumb Code    62  stm32f4xx_fsmc.o(.text)
    FSMC_ClearITPendingBit                   0x0800796b   Thumb Code    66  stm32f4xx_fsmc.o(.text)
    RCC_DeInit                               0x080079b1   Thumb Code    82  stm32f4xx_rcc.o(.text)
    RCC_HSEConfig                            0x08007a03   Thumb Code    14  stm32f4xx_rcc.o(.text)
    RCC_GetFlagStatus                        0x08007a11   Thumb Code    60  stm32f4xx_rcc.o(.text)
    RCC_WaitForHSEStartUp                    0x08007a4d   Thumb Code    56  stm32f4xx_rcc.o(.text)
    RCC_AdjustHSICalibrationValue            0x08007a85   Thumb Code    20  stm32f4xx_rcc.o(.text)
    RCC_HSICmd                               0x08007a99   Thumb Code     6  stm32f4xx_rcc.o(.text)
    RCC_LSEConfig                            0x08007a9f   Thumb Code    46  stm32f4xx_rcc.o(.text)
    RCC_LSICmd                               0x08007acd   Thumb Code     6  stm32f4xx_rcc.o(.text)
    RCC_PLLConfig                            0x08007ad3   Thumb Code    32  stm32f4xx_rcc.o(.text)
    RCC_PLLCmd                               0x08007af3   Thumb Code     6  stm32f4xx_rcc.o(.text)
    RCC_PLLI2SConfig                         0x08007af9   Thumb Code    14  stm32f4xx_rcc.o(.text)
    RCC_PLLI2SCmd                            0x08007b07   Thumb Code     6  stm32f4xx_rcc.o(.text)
    RCC_PLLSAIConfig                         0x08007b0d   Thumb Code    20  stm32f4xx_rcc.o(.text)
    RCC_PLLSAICmd                            0x08007b21   Thumb Code     6  stm32f4xx_rcc.o(.text)
    RCC_ClockSecuritySystemCmd               0x08007b27   Thumb Code     6  stm32f4xx_rcc.o(.text)
    RCC_MCO1Config                           0x08007b2d   Thumb Code    28  stm32f4xx_rcc.o(.text)
    RCC_MCO2Config                           0x08007b49   Thumb Code    28  stm32f4xx_rcc.o(.text)
    RCC_SYSCLKConfig                         0x08007b65   Thumb Code    20  stm32f4xx_rcc.o(.text)
    RCC_GetSYSCLKSource                      0x08007b79   Thumb Code    12  stm32f4xx_rcc.o(.text)
    RCC_HCLKConfig                           0x08007b85   Thumb Code    20  stm32f4xx_rcc.o(.text)
    RCC_PCLK1Config                          0x08007b99   Thumb Code    20  stm32f4xx_rcc.o(.text)
    RCC_PCLK2Config                          0x08007bad   Thumb Code    22  stm32f4xx_rcc.o(.text)
    RCC_GetClocksFreq                        0x08007bc3   Thumb Code   222  stm32f4xx_rcc.o(.text)
    RCC_RTCCLKConfig                         0x08007ca1   Thumb Code    54  stm32f4xx_rcc.o(.text)
    RCC_RTCCLKCmd                            0x08007cd7   Thumb Code     8  stm32f4xx_rcc.o(.text)
    RCC_BackupResetCmd                       0x08007cdf   Thumb Code     8  stm32f4xx_rcc.o(.text)
    RCC_I2SCLKConfig                         0x08007ce7   Thumb Code     6  stm32f4xx_rcc.o(.text)
    RCC_SAIPLLI2SClkDivConfig                0x08007ced   Thumb Code    26  stm32f4xx_rcc.o(.text)
    RCC_SAIPLLSAIClkDivConfig                0x08007d07   Thumb Code    28  stm32f4xx_rcc.o(.text)
    RCC_SAIBlockACLKConfig                   0x08007d23   Thumb Code    20  stm32f4xx_rcc.o(.text)
    RCC_SAIBlockBCLKConfig                   0x08007d37   Thumb Code    20  stm32f4xx_rcc.o(.text)
    RCC_LTDCCLKDivConfig                     0x08007d4b   Thumb Code    20  stm32f4xx_rcc.o(.text)
    RCC_TIMCLKPresConfig                     0x08007d5f   Thumb Code     6  stm32f4xx_rcc.o(.text)
    RCC_AHB1PeriphClockCmd                   0x08007d65   Thumb Code    34  stm32f4xx_rcc.o(.text)
    RCC_AHB2PeriphClockCmd                   0x08007d87   Thumb Code    78  stm32f4xx_rcc.o(.text)
    RCC_AHB3PeriphClockCmd                   0x08007dd5   Thumb Code    34  stm32f4xx_rcc.o(.text)
    RCC_APB1PeriphClockCmd                   0x08007df7   Thumb Code    34  stm32f4xx_rcc.o(.text)
    RCC_APB2PeriphClockCmd                   0x08007e19   Thumb Code    34  stm32f4xx_rcc.o(.text)
    RCC_AHB1PeriphResetCmd                   0x08007e3b   Thumb Code    34  stm32f4xx_rcc.o(.text)
    RCC_AHB2PeriphResetCmd                   0x08007e5d   Thumb Code    34  stm32f4xx_rcc.o(.text)
    RCC_AHB3PeriphResetCmd                   0x08007e7f   Thumb Code    34  stm32f4xx_rcc.o(.text)
    RCC_APB1PeriphResetCmd                   0x08007ea1   Thumb Code    34  stm32f4xx_rcc.o(.text)
    RCC_APB2PeriphResetCmd                   0x08007ec3   Thumb Code    34  stm32f4xx_rcc.o(.text)
    RCC_AHB1PeriphClockLPModeCmd             0x08007ee5   Thumb Code    34  stm32f4xx_rcc.o(.text)
    RCC_AHB2PeriphClockLPModeCmd             0x08007f07   Thumb Code    34  stm32f4xx_rcc.o(.text)
    RCC_AHB3PeriphClockLPModeCmd             0x08007f29   Thumb Code    34  stm32f4xx_rcc.o(.text)
    RCC_APB1PeriphClockLPModeCmd             0x08007f4b   Thumb Code    34  stm32f4xx_rcc.o(.text)
    RCC_APB2PeriphClockLPModeCmd             0x08007f6d   Thumb Code    34  stm32f4xx_rcc.o(.text)
    RCC_LSEModeConfig                        0x08007f8f   Thumb Code    40  stm32f4xx_rcc.o(.text)
    RCC_ITConfig                             0x08007fb7   Thumb Code    34  stm32f4xx_rcc.o(.text)
    RCC_ClearFlag                            0x08007fd9   Thumb Code    18  stm32f4xx_rcc.o(.text)
    RCC_GetITStatus                          0x08007feb   Thumb Code    22  stm32f4xx_rcc.o(.text)
    RCC_ClearITPendingBit                    0x08008001   Thumb Code     8  stm32f4xx_rcc.o(.text)
    USART_DeInit                             0x0800800d   Thumb Code   206  stm32f4xx_usart.o(.text)
    USART_Init                               0x080080db   Thumb Code   204  stm32f4xx_usart.o(.text)
    USART_StructInit                         0x080081a7   Thumb Code    24  stm32f4xx_usart.o(.text)
    USART_ClockInit                          0x080081bf   Thumb Code    32  stm32f4xx_usart.o(.text)
    USART_ClockStructInit                    0x080081df   Thumb Code    12  stm32f4xx_usart.o(.text)
    USART_Cmd                                0x080081eb   Thumb Code    24  stm32f4xx_usart.o(.text)
    USART_SetPrescaler                       0x08008203   Thumb Code    16  stm32f4xx_usart.o(.text)
    USART_OverSampling8Cmd                   0x08008213   Thumb Code    22  stm32f4xx_usart.o(.text)
    USART_OneBitMethodCmd                    0x08008229   Thumb Code    24  stm32f4xx_usart.o(.text)
    USART_SendData                           0x08008241   Thumb Code     8  stm32f4xx_usart.o(.text)
    USART_ReceiveData                        0x08008249   Thumb Code    10  stm32f4xx_usart.o(.text)
    USART_SetAddress                         0x08008253   Thumb Code    18  stm32f4xx_usart.o(.text)
    USART_ReceiverWakeUpCmd                  0x08008265   Thumb Code    24  stm32f4xx_usart.o(.text)
    USART_WakeUpConfig                       0x0800827d   Thumb Code    18  stm32f4xx_usart.o(.text)
    USART_LINBreakDetectLengthConfig         0x0800828f   Thumb Code    18  stm32f4xx_usart.o(.text)
    USART_LINCmd                             0x080082a1   Thumb Code    24  stm32f4xx_usart.o(.text)
    USART_SendBreak                          0x080082b9   Thumb Code    10  stm32f4xx_usart.o(.text)
    USART_HalfDuplexCmd                      0x080082c3   Thumb Code    24  stm32f4xx_usart.o(.text)
    USART_SetGuardTime                       0x080082db   Thumb Code    16  stm32f4xx_usart.o(.text)
    USART_SmartCardCmd                       0x080082eb   Thumb Code    24  stm32f4xx_usart.o(.text)
    USART_SmartCardNACKCmd                   0x08008303   Thumb Code    24  stm32f4xx_usart.o(.text)
    USART_IrDAConfig                         0x0800831b   Thumb Code    18  stm32f4xx_usart.o(.text)
    USART_IrDACmd                            0x0800832d   Thumb Code    24  stm32f4xx_usart.o(.text)
    USART_DMACmd                             0x08008345   Thumb Code    18  stm32f4xx_usart.o(.text)
    USART_ITConfig                           0x08008357   Thumb Code    74  stm32f4xx_usart.o(.text)
    USART_GetFlagStatus                      0x080083a1   Thumb Code    26  stm32f4xx_usart.o(.text)
    USART_ClearFlag                          0x080083bb   Thumb Code    18  stm32f4xx_usart.o(.text)
    USART_GetITStatus                        0x080083cd   Thumb Code   118  stm32f4xx_usart.o(.text)
    USART_ClearITPendingBit                  0x08008443   Thumb Code    30  stm32f4xx_usart.o(.text)
    __use_no_semihosting                     0x08008461   Thumb Code     2  use_no_semi_2.o(.text)
    __2printf                                0x08008465   Thumb Code    20  noretval__2printf.o(.text)
    __printf                                 0x0800847d   Thumb Code   104  __printf.o(.text)
    _printf_str                              0x080084e5   Thumb Code    82  _printf_str.o(.text)
    _printf_int_dec                          0x08008539   Thumb Code   104  _printf_dec.o(.text)
    _printf_int_hex                          0x080085b1   Thumb Code    84  _printf_hex_int.o(.text)
    _printf_longlong_hex                     0x080085b1   Thumb Code     0  _printf_hex_int.o(.text)
    strcmp                                   0x08008609   Thumb Code   128  strcmpv7m.o(.text)
    __use_two_region_memory                  0x08008689   Thumb Code     2  heapauxi.o(.text)
    __rt_heap_escrow$2region                 0x0800868b   Thumb Code     2  heapauxi.o(.text)
    __rt_heap_expand$2region                 0x0800868d   Thumb Code     2  heapauxi.o(.text)
    __I$use$semihosting                      0x0800868f   Thumb Code     0  use_no_semi.o(.text)
    __use_no_semihosting_swi                 0x0800868f   Thumb Code     2  use_no_semi.o(.text)
    __read_errno                             0x08008691   Thumb Code    10  _rserrno.o(.text)
    __set_errno                              0x0800869b   Thumb Code    12  _rserrno.o(.text)
    _printf_int_common                       0x080086a7   Thumb Code   178  _printf_intcommon.o(.text)
    _printf_cs_common                        0x08008759   Thumb Code    20  _printf_char.o(.text)
    _printf_char                             0x0800876d   Thumb Code    16  _printf_char.o(.text)
    _printf_string                           0x0800877d   Thumb Code     8  _printf_char.o(.text)
    _printf_char_file                        0x08008785   Thumb Code    32  _printf_char_file.o(.text)
    __aeabi_errno_addr                       0x080087a9   Thumb Code     8  rt_errno_addr_intlibspace.o(.text)
    __errno$intlibspace                      0x080087a9   Thumb Code     0  rt_errno_addr_intlibspace.o(.text)
    __rt_errno_addr$intlibspace              0x080087a9   Thumb Code     0  rt_errno_addr_intlibspace.o(.text)
    _printf_char_common                      0x080087bb   Thumb Code    32  _printf_char_common.o(.text)
    ferror                                   0x080087e1   Thumb Code     8  ferror.o(.text)
    __user_libspace                          0x080087e9   Thumb Code     8  libspace.o(.text)
    __user_perproc_libspace                  0x080087e9   Thumb Code     0  libspace.o(.text)
    __user_perthread_libspace                0x080087e9   Thumb Code     0  libspace.o(.text)
    __user_setup_stackheap                   0x080087f1   Thumb Code    74  sys_stackheap_outer.o(.text)
    exit                                     0x0800883b   Thumb Code    18  exit.o(.text)
    __hardfp_sqrt                            0x0800884d   Thumb Code   122  sqrt.o(i.__hardfp_sqrt)
    __aeabi_dadd                             0x080088c9   Thumb Code     0  daddsub_clz.o(x$fpl$dadd)
    _dadd                                    0x080088c9   Thumb Code   332  daddsub_clz.o(x$fpl$dadd)
    __fpl_dcmp_Inf                           0x08008a19   Thumb Code    24  dcmpi.o(x$fpl$dcmpinf)
    __aeabi_d2uiz                            0x08008a31   Thumb Code     0  dfixu.o(x$fpl$dfixu)
    _dfixu                                   0x08008a31   Thumb Code    90  dfixu.o(x$fpl$dfixu)
    __aeabi_i2d                              0x08008a8b   Thumb Code     0  dflt_clz.o(x$fpl$dflt)
    _dflt                                    0x08008a8b   Thumb Code    46  dflt_clz.o(x$fpl$dflt)
    __aeabi_ui2d                             0x08008ab9   Thumb Code     0  dflt_clz.o(x$fpl$dfltu)
    _dfltu                                   0x08008ab9   Thumb Code    38  dflt_clz.o(x$fpl$dfltu)
    __aeabi_cdcmple                          0x08008ae1   Thumb Code     0  dleqf.o(x$fpl$dleqf)
    _dcmple                                  0x08008ae1   Thumb Code   120  dleqf.o(x$fpl$dleqf)
    __fpl_dcmple_InfNaN                      0x08008b43   Thumb Code     0  dleqf.o(x$fpl$dleqf)
    __aeabi_dmul                             0x08008b59   Thumb Code     0  dmul.o(x$fpl$dmul)
    _dmul                                    0x08008b59   Thumb Code   332  dmul.o(x$fpl$dmul)
    __fpl_dnaninf                            0x08008cad   Thumb Code   156  dnaninf.o(x$fpl$dnaninf)
    __fpl_dretinf                            0x08008d49   Thumb Code    12  dretinf.o(x$fpl$dretinf)
    __aeabi_cdrcmple                         0x08008d55   Thumb Code     0  drleqf.o(x$fpl$drleqf)
    _drcmple                                 0x08008d55   Thumb Code   108  drleqf.o(x$fpl$drleqf)
    __aeabi_drsub                            0x08008dc1   Thumb Code     0  daddsub_clz.o(x$fpl$drsb)
    _drsb                                    0x08008dc1   Thumb Code    22  daddsub_clz.o(x$fpl$drsb)
    _dsqrt                                   0x08008dd9   Thumb Code   404  dsqrt_umaal.o(x$fpl$dsqrt)
    __aeabi_dsub                             0x08008f71   Thumb Code     0  daddsub_clz.o(x$fpl$dsub)
    _dsub                                    0x08008f71   Thumb Code   464  daddsub_clz.o(x$fpl$dsub)
    __aeabi_f2d                              0x08009145   Thumb Code     0  f2d.o(x$fpl$f2d)
    _f2d                                     0x08009145   Thumb Code    86  f2d.o(x$fpl$f2d)
    __fpl_fnaninf                            0x0800919b   Thumb Code   140  fnaninf.o(x$fpl$fnaninf)
    _fp_init                                 0x08009227   Thumb Code    10  fpinit.o(x$fpl$fpinit)
    __fplib_config_fpu_vfp                   0x0800922f   Thumb Code     0  fpinit.o(x$fpl$fpinit)
    __fplib_config_pureend_doubles           0x0800922f   Thumb Code     0  fpinit.o(x$fpl$fpinit)
    __I$use$fp                               0x08009230   Number         0  usenofp.o(x$fpl$usenofp)
    asc2_1206                                0x08009230   Data        1140  lcd.o(.constdata)
    asc2_1608                                0x080096a4   Data        1520  lcd.o(.constdata)
    asc2_2412                                0x08009c94   Data        3420  lcd.o(.constdata)
    GT9147_CFG_TBL                           0x0800a9f0   Data         184  gt9147.o(.constdata)
    GT9147_TPX_TBL                           0x0800aaa8   Data          10  gt9147.o(.constdata)
    OTT_TPX_TBL                              0x0800aab2   Data          10  ott2001a.o(.constdata)
    TP_REMIND_MSG_TBL                        0x0800aabc   Data           4  touch.o(.constdata)
    FSMC_DefaultTimingStruct                 0x0800aac0   Data          28  stm32f4xx_fsmc.o(.constdata)
    Region$$Table$$Base                      0x0800ab80   Number         0  anon$$obj.o(Region$$Table)
    Region$$Table$$Limit                     0x0800aba0   Number         0  anon$$obj.o(Region$$Table)
    SystemCoreClock                          0x20000000   Data           4  system_stm32f4xx.o(.data)
    AHBPrescTable                            0x20000004   Data          16  system_stm32f4xx.o(.data)
    POINT_COLOR                              0x20000014   Data           2  lcd.o(.data)
    BACK_COLOR                               0x20000016   Data           2  lcd.o(.data)
    tp_dev                                   0x2000001c   Data          52  touch.o(.data)
    CMD_RDX                                  0x20000050   Data           1  touch.o(.data)
    CMD_RDY                                  0x20000051   Data           1  touch.o(.data)
    __stdout                                 0x20000058   Data           4  usart.o(.data)
    USART_RX_STA                             0x2000005c   Data           2  usart.o(.data)
    lcddev                                   0x20000070   Data          14  lcd.o(.bss)
    USART_RX_BUF                             0x2000007e   Data         200  usart.o(.bss)
    __libspace_start                         0x20000148   Data          96  libspace.o(.bss)
    __temporary_stack_top$libspace           0x200001a8   Data           0  libspace.o(.bss)



==============================================================================

Memory Map of the image

  Image Entry point : 0x08000189

  Load Region LR_IROM1 (Base: 0x08000000, Size: 0x0000ac10, Max: 0x00100000, ABSOLUTE)

    Execution Region ER_IROM1 (Base: 0x08000000, Size: 0x0000aba0, Max: 0x00100000, ABSOLUTE)

    Base Addr    Size         Type   Attr      Idx    E Section Name        Object

    0x08000000   0x00000188   Data   RO          544    RESET               startup_stm32f40_41xxx.o
    0x08000188   0x00000008   Code   RO          737  * !!!main             c_w.l(__main.o)
    0x08000190   0x00000034   Code   RO          961    !!!scatter          c_w.l(__scatter.o)
    0x080001c4   0x0000001a   Code   RO          963    !!handler_copy      c_w.l(__scatter_copy.o)
    0x080001de   0x00000002   PAD
    0x080001e0   0x0000001c   Code   RO          965    !!handler_zi        c_w.l(__scatter_zi.o)
    0x080001fc   0x00000000   Code   RO          732    .ARM.Collect$$_printf_percent$$00000000  c_w.l(_printf_percent.o)
    0x080001fc   0x00000006   Code   RO          731    .ARM.Collect$$_printf_percent$$00000009  c_w.l(_printf_d.o)
    0x08000202   0x00000006   Code   RO          730    .ARM.Collect$$_printf_percent$$0000000C  c_w.l(_printf_x.o)
    0x08000208   0x00000006   Code   RO          729    .ARM.Collect$$_printf_percent$$00000014  c_w.l(_printf_s.o)
    0x0800020e   0x00000004   Code   RO          786    .ARM.Collect$$_printf_percent$$00000017  c_w.l(_printf_percent_end.o)
    0x08000212   0x00000002   Code   RO          838    .ARM.Collect$$libinit$$00000000  c_w.l(libinit.o)
    0x08000214   0x00000004   Code   RO          841    .ARM.Collect$$libinit$$00000001  c_w.l(libinit2.o)
    0x08000218   0x00000000   Code   RO          844    .ARM.Collect$$libinit$$00000004  c_w.l(libinit2.o)
    0x08000218   0x00000000   Code   RO          847    .ARM.Collect$$libinit$$0000000A  c_w.l(libinit2.o)
    0x08000218   0x00000000   Code   RO          849    .ARM.Collect$$libinit$$0000000C  c_w.l(libinit2.o)
    0x08000218   0x00000000   Code   RO          851    .ARM.Collect$$libinit$$0000000E  c_w.l(libinit2.o)
    0x08000218   0x00000000   Code   RO          854    .ARM.Collect$$libinit$$00000011  c_w.l(libinit2.o)
    0x08000218   0x00000000   Code   RO          856    .ARM.Collect$$libinit$$00000013  c_w.l(libinit2.o)
    0x08000218   0x00000000   Code   RO          858    .ARM.Collect$$libinit$$00000015  c_w.l(libinit2.o)
    0x08000218   0x00000000   Code   RO          860    .ARM.Collect$$libinit$$00000017  c_w.l(libinit2.o)
    0x08000218   0x00000000   Code   RO          862    .ARM.Collect$$libinit$$00000019  c_w.l(libinit2.o)
    0x08000218   0x00000000   Code   RO          864    .ARM.Collect$$libinit$$0000001B  c_w.l(libinit2.o)
    0x08000218   0x00000000   Code   RO          866    .ARM.Collect$$libinit$$0000001D  c_w.l(libinit2.o)
    0x08000218   0x00000000   Code   RO          868    .ARM.Collect$$libinit$$0000001F  c_w.l(libinit2.o)
    0x08000218   0x00000000   Code   RO          870    .ARM.Collect$$libinit$$00000021  c_w.l(libinit2.o)
    0x08000218   0x00000000   Code   RO          872    .ARM.Collect$$libinit$$00000023  c_w.l(libinit2.o)
    0x08000218   0x00000000   Code   RO          874    .ARM.Collect$$libinit$$00000025  c_w.l(libinit2.o)
    0x08000218   0x00000000   Code   RO          878    .ARM.Collect$$libinit$$0000002C  c_w.l(libinit2.o)
    0x08000218   0x00000000   Code   RO          880    .ARM.Collect$$libinit$$0000002E  c_w.l(libinit2.o)
    0x08000218   0x00000000   Code   RO          882    .ARM.Collect$$libinit$$00000030  c_w.l(libinit2.o)
    0x08000218   0x00000000   Code   RO          884    .ARM.Collect$$libinit$$00000032  c_w.l(libinit2.o)
    0x08000218   0x00000002   Code   RO          885    .ARM.Collect$$libinit$$00000033  c_w.l(libinit2.o)
    0x0800021a   0x00000002   Code   RO          903    .ARM.Collect$$libshutdown$$00000000  c_w.l(libshutdown.o)
    0x0800021c   0x00000000   Code   RO          913    .ARM.Collect$$libshutdown$$00000002  c_w.l(libshutdown2.o)
    0x0800021c   0x00000000   Code   RO          915    .ARM.Collect$$libshutdown$$00000004  c_w.l(libshutdown2.o)
    0x0800021c   0x00000000   Code   RO          918    .ARM.Collect$$libshutdown$$00000007  c_w.l(libshutdown2.o)
    0x0800021c   0x00000000   Code   RO          921    .ARM.Collect$$libshutdown$$0000000A  c_w.l(libshutdown2.o)
    0x0800021c   0x00000000   Code   RO          923    .ARM.Collect$$libshutdown$$0000000C  c_w.l(libshutdown2.o)
    0x0800021c   0x00000000   Code   RO          926    .ARM.Collect$$libshutdown$$0000000F  c_w.l(libshutdown2.o)
    0x0800021c   0x00000002   Code   RO          927    .ARM.Collect$$libshutdown$$00000010  c_w.l(libshutdown2.o)
    0x0800021e   0x00000000   Code   RO          777    .ARM.Collect$$rtentry$$00000000  c_w.l(__rtentry.o)
    0x0800021e   0x00000000   Code   RO          799    .ARM.Collect$$rtentry$$00000002  c_w.l(__rtentry2.o)
    0x0800021e   0x00000006   Code   RO          811    .ARM.Collect$$rtentry$$00000004  c_w.l(__rtentry4.o)
    0x08000224   0x00000000   Code   RO          801    .ARM.Collect$$rtentry$$00000009  c_w.l(__rtentry2.o)
    0x08000224   0x00000004   Code   RO          802    .ARM.Collect$$rtentry$$0000000A  c_w.l(__rtentry2.o)
    0x08000228   0x00000000   Code   RO          804    .ARM.Collect$$rtentry$$0000000C  c_w.l(__rtentry2.o)
    0x08000228   0x00000008   Code   RO          805    .ARM.Collect$$rtentry$$0000000D  c_w.l(__rtentry2.o)
    0x08000230   0x00000002   Code   RO          839    .ARM.Collect$$rtexit$$00000000  c_w.l(rtexit.o)
    0x08000232   0x00000000   Code   RO          887    .ARM.Collect$$rtexit$$00000002  c_w.l(rtexit2.o)
    0x08000232   0x00000004   Code   RO          888    .ARM.Collect$$rtexit$$00000003  c_w.l(rtexit2.o)
    0x08000236   0x00000006   Code   RO          889    .ARM.Collect$$rtexit$$00000004  c_w.l(rtexit2.o)
    0x0800023c   0x00000290   Code   RO            3    .text               main.o
    0x080004cc   0x0000001a   Code   RO          167    .text               stm32f4xx_it.o
    0x080004e6   0x00000002   PAD
    0x080004e8   0x00000210   Code   RO          216    .text               system_stm32f4xx.o
    0x080006f8   0x000048a4   Code   RO          262    .text               lcd.o
    0x08004f9c   0x0000025c   Code   RO          321    .text               myiic.o
    0x080051f8   0x0000017a   Code   RO          344    .text               24cxx.o
    0x08005372   0x00000002   PAD
    0x08005374   0x00000254   Code   RO          367    .text               ctiic.o
    0x080055c8   0x000003ec   Code   RO          390    .text               gt9147.o
    0x080059b4   0x00000388   Code   RO          417    .text               ott2001a.o
    0x08005d3c   0x000010a0   Code   RO          441    .text               touch.o
    0x08006ddc   0x00000104   Code   RO          473    .text               delay.o
    0x08006ee0   0x00000154   Code   RO          513    .text               usart.o
    0x08007034   0x00000040   Code   RO          545    .text               startup_stm32f40_41xxx.o
    0x08007074   0x000000e0   Code   RO          551    .text               misc.o
    0x08007154   0x00000294   Code   RO          571    .text               stm32f4xx_gpio.o
    0x080073e8   0x000005c8   Code   RO          591    .text               stm32f4xx_fsmc.o
    0x080079b0   0x0000065c   Code   RO          614    .text               stm32f4xx_rcc.o
    0x0800800c   0x00000454   Code   RO          656    .text               stm32f4xx_usart.o
    0x08008460   0x00000002   Code   RO          676    .text               c_w.l(use_no_semi_2.o)
    0x08008462   0x00000002   PAD
    0x08008464   0x00000018   Code   RO          680    .text               c_w.l(noretval__2printf.o)
    0x0800847c   0x00000068   Code   RO          682    .text               c_w.l(__printf.o)
    0x080084e4   0x00000052   Code   RO          684    .text               c_w.l(_printf_str.o)
    0x08008536   0x00000002   PAD
    0x08008538   0x00000078   Code   RO          686    .text               c_w.l(_printf_dec.o)
    0x080085b0   0x00000058   Code   RO          691    .text               c_w.l(_printf_hex_int.o)
    0x08008608   0x00000080   Code   RO          733    .text               c_w.l(strcmpv7m.o)
    0x08008688   0x00000006   Code   RO          735    .text               c_w.l(heapauxi.o)
    0x0800868e   0x00000002   Code   RO          775    .text               c_w.l(use_no_semi.o)
    0x08008690   0x00000016   Code   RO          778    .text               c_w.l(_rserrno.o)
    0x080086a6   0x000000b2   Code   RO          780    .text               c_w.l(_printf_intcommon.o)
    0x08008758   0x0000002c   Code   RO          782    .text               c_w.l(_printf_char.o)
    0x08008784   0x00000024   Code   RO          784    .text               c_w.l(_printf_char_file.o)
    0x080087a8   0x00000008   Code   RO          816    .text               c_w.l(rt_errno_addr_intlibspace.o)
    0x080087b0   0x00000030   Code   RO          818    .text               c_w.l(_printf_char_common.o)
    0x080087e0   0x00000008   Code   RO          820    .text               c_w.l(ferror.o)
    0x080087e8   0x00000008   Code   RO          824    .text               c_w.l(libspace.o)
    0x080087f0   0x0000004a   Code   RO          827    .text               c_w.l(sys_stackheap_outer.o)
    0x0800883a   0x00000012   Code   RO          831    .text               c_w.l(exit.o)
    0x0800884c   0x0000007a   Code   RO          763    i.__hardfp_sqrt     m_wm.l(sqrt.o)
    0x080088c6   0x00000002   PAD
    0x080088c8   0x00000150   Code   RO          739    x$fpl$dadd          fz_wm.l(daddsub_clz.o)
    0x08008a18   0x00000018   Code   RO          787    x$fpl$dcmpinf       fz_wm.l(dcmpi.o)
    0x08008a30   0x0000005a   Code   RO          745    x$fpl$dfixu         fz_wm.l(dfixu.o)
    0x08008a8a   0x0000002e   Code   RO          750    x$fpl$dflt          fz_wm.l(dflt_clz.o)
    0x08008ab8   0x00000026   Code   RO          749    x$fpl$dfltu         fz_wm.l(dflt_clz.o)
    0x08008ade   0x00000002   PAD
    0x08008ae0   0x00000078   Code   RO          755    x$fpl$dleqf         fz_wm.l(dleqf.o)
    0x08008b58   0x00000154   Code   RO          757    x$fpl$dmul          fz_wm.l(dmul.o)
    0x08008cac   0x0000009c   Code   RO          789    x$fpl$dnaninf       fz_wm.l(dnaninf.o)
    0x08008d48   0x0000000c   Code   RO          791    x$fpl$dretinf       fz_wm.l(dretinf.o)
    0x08008d54   0x0000006c   Code   RO          759    x$fpl$drleqf        fz_wm.l(drleqf.o)
    0x08008dc0   0x00000016   Code   RO          740    x$fpl$drsb          fz_wm.l(daddsub_clz.o)
    0x08008dd6   0x00000002   PAD
    0x08008dd8   0x00000198   Code   RO          793    x$fpl$dsqrt         fz_wm.l(dsqrt_umaal.o)
    0x08008f70   0x000001d4   Code   RO          741    x$fpl$dsub          fz_wm.l(daddsub_clz.o)
    0x08009144   0x00000056   Code   RO          761    x$fpl$f2d           fz_wm.l(f2d.o)
    0x0800919a   0x0000008c   Code   RO          795    x$fpl$fnaninf       fz_wm.l(fnaninf.o)
    0x08009226   0x0000000a   Code   RO          895    x$fpl$fpinit        fz_wm.l(fpinit.o)
    0x08009230   0x00000000   Code   RO          797    x$fpl$usenofp       fz_wm.l(usenofp.o)
    0x08009230   0x000017c0   Data   RO          264    .constdata          lcd.o
    0x0800a9f0   0x000000c2   Data   RO          391    .constdata          gt9147.o
    0x0800aab2   0x0000000a   Data   RO          418    .constdata          ott2001a.o
    0x0800aabc   0x00000004   Data   RO          442    .constdata          touch.o
    0x0800aac0   0x0000001c   Data   RO          592    .constdata          stm32f4xx_fsmc.o
    0x0800aadc   0x00000028   Data   RO          692    .constdata          c_w.l(_printf_hex_int.o)
    0x0800ab04   0x00000079   Data   RO          443    .conststring        touch.o
    0x0800ab7d   0x00000003   PAD
    0x0800ab80   0x00000020   Data   RO          959    Region$$Table       anon$$obj.o


    Execution Region RW_IRAM1 (Base: 0x20000000, Size: 0x000007a8, Max: 0x00020000, ABSOLUTE)

    Base Addr    Size         Type   Attr      Idx    E Section Name        Object

    0x20000000   0x00000014   Data   RW          217    .data               system_stm32f4xx.o
    0x20000014   0x00000004   Data   RW          265    .data               lcd.o
    0x20000018   0x00000001   Data   RW          392    .data               gt9147.o
    0x20000019   0x00000001   Data   RW          419    .data               ott2001a.o
    0x2000001a   0x00000002   PAD
    0x2000001c   0x00000036   Data   RW          444    .data               touch.o
    0x20000052   0x00000004   Data   RW          474    .data               delay.o
    0x20000056   0x00000002   PAD
    0x20000058   0x00000006   Data   RW          515    .data               usart.o
    0x2000005e   0x00000010   Data   RW          615    .data               stm32f4xx_rcc.o
    0x2000006e   0x00000002   PAD
    0x20000070   0x0000000e   Zero   RW          263    .bss                lcd.o
    0x2000007e   0x000000c8   Zero   RW          514    .bss                usart.o
    0x20000146   0x00000002   PAD
    0x20000148   0x00000060   Zero   RW          825    .bss                c_w.l(libspace.o)
    0x200001a8   0x00000200   Zero   RW          543    HEAP                startup_stm32f40_41xxx.o
    0x200003a8   0x00000400   Zero   RW          542    STACK               startup_stm32f40_41xxx.o


==============================================================================

Image component sizes


      Code (inc. data)   RO Data    RW Data    ZI Data      Debug   Object Name

       378          0          0          0          0       2830   24cxx.o
       596         24          0          0          0       2093   ctiic.o
       260          8          0          4          0       1493   delay.o
      1004         74        194          1          0       2990   gt9147.o
     18596        170       6080          4         14      23217   lcd.o
       656         28          0          0          0     272356   main.o
       224         20          0          0          0       1829   misc.o
       604         14          0          0          0       1928   myiic.o
       904         66         10          1          0       2771   ott2001a.o
        64         26        392          0       1536        836   startup_stm32f40_41xxx.o
      1480         18         28          0          0       5666   stm32f4xx_fsmc.o
       660         44          0          0          0       4169   stm32f4xx_gpio.o
        26          0          0          0          0       1230   stm32f4xx_it.o
      1628         52          0         16          0      13052   stm32f4xx_rcc.o
      1108         34          0          0          0       7896   stm32f4xx_usart.o
       528         46          0         20          0       1795   system_stm32f4xx.o
      4256        226        125         54          0       6825   touch.o
       340         18          0          6        200       3362   usart.o

    ----------------------------------------------------------------------
     33316        868       6864        112       1752     356338   Object Totals
         0          0         32          0          0          0   (incl. Generated)
         4          0          3          6          2          0   (incl. Padding)

    ----------------------------------------------------------------------

      Code (inc. data)   RO Data    RW Data    ZI Data      Debug   Library Member Name

         8          0          0          0          0         68   __main.o
       104          0          0          0          0         84   __printf.o
         0          0          0          0          0          0   __rtentry.o
        12          0          0          0          0          0   __rtentry2.o
         6          0          0          0          0          0   __rtentry4.o
        52          8          0          0          0          0   __scatter.o
        26          0          0          0          0          0   __scatter_copy.o
        28          0          0          0          0          0   __scatter_zi.o
        44          0          0          0          0        108   _printf_char.o
        48          6          0          0          0         96   _printf_char_common.o
        36          4          0          0          0         80   _printf_char_file.o
         6          0          0          0          0          0   _printf_d.o
       120         16          0          0          0         92   _printf_dec.o
        88          4         40          0          0         88   _printf_hex_int.o
       178          0          0          0          0         88   _printf_intcommon.o
         0          0          0          0          0          0   _printf_percent.o
         4          0          0          0          0          0   _printf_percent_end.o
         6          0          0          0          0          0   _printf_s.o
        82          0          0          0          0         80   _printf_str.o
         6          0          0          0          0          0   _printf_x.o
        22          0          0          0          0        100   _rserrno.o
        18          0          0          0          0         80   exit.o
         8          0          0          0          0         68   ferror.o
         6          0          0          0          0        152   heapauxi.o
         2          0          0          0          0          0   libinit.o
         6          0          0          0          0          0   libinit2.o
         2          0          0          0          0          0   libshutdown.o
         2          0          0          0          0          0   libshutdown2.o
         8          4          0          0         96         68   libspace.o
        24          4          0          0          0         84   noretval__2printf.o
         8          4          0          0          0         68   rt_errno_addr_intlibspace.o
         2          0          0          0          0          0   rtexit.o
        10          0          0          0          0          0   rtexit2.o
       128          0          0          0          0         68   strcmpv7m.o
        74          0          0          0          0         80   sys_stackheap_outer.o
         2          0          0          0          0         68   use_no_semi.o
         2          0          0          0          0         68   use_no_semi_2.o
       826         16          0          0          0        492   daddsub_clz.o
        24          0          0          0          0        116   dcmpi.o
        90          4          0          0          0        140   dfixu.o
        84          0          0          0          0        232   dflt_clz.o
       120          4          0          0          0        140   dleqf.o
       340         12          0          0          0        152   dmul.o
       156          4          0          0          0        140   dnaninf.o
        12          0          0          0          0        116   dretinf.o
       108          0          0          0          0        128   drleqf.o
       408         56          0          0          0        168   dsqrt_umaal.o
        86          4          0          0          0        132   f2d.o
       140          4          0          0          0        132   fnaninf.o
        10          0          0          0          0        116   fpinit.o
         0          0          0          0          0          0   usenofp.o
       122          0          0          0          0        148   sqrt.o

    ----------------------------------------------------------------------
      3716        154         40          0         96       4040   Library Totals
        12          0          0          0          0          0   (incl. Padding)

    ----------------------------------------------------------------------

      Code (inc. data)   RO Data    RW Data    ZI Data      Debug   Library Name

      1178         50         40          0         96       1688   c_w.l
      2404        104          0          0          0       2204   fz_wm.l
       122          0          0          0          0        148   m_wm.l

    ----------------------------------------------------------------------
      3716        154         40          0         96       4040   Library Totals

    ----------------------------------------------------------------------

==============================================================================


      Code (inc. data)   RO Data    RW Data    ZI Data      Debug   

     37032       1022       6904        112       1848     354846   Grand Totals
     37032       1022       6904        112       1848     354846   ELF Image Totals
     37032       1022       6904        112          0          0   ROM Totals

==============================================================================

    Total RO  Size (Code + RO Data)                43936 (  42.91kB)
    Total RW  Size (RW Data + ZI Data)              1960 (   1.91kB)
    Total ROM Size (Code + RO Data + RW Data)      44048 (  43.02kB)

==============================================================================

